[RUN] started=2026-08-12T16:45:15.997461+08:00
[RUN] command_script=experiments/phase1/train_fixed_point_control.py
[RUN] log_file=artifacts/phase1/m4_seed_check/seed2/training.log
[INFO] Phase-1 isolated fixed-point control
[INFO] condition=full; seed=2; steps=6000
[INFO] output_dir=artifacts/phase1/m4_seed_check/seed2
[INFO] Original repository-root checkpoint will not be modified.
[INFO] Using the built-in Zhang capacity-based codebook as initialization and hinge baseline.
[TRAIN] step     0 | eps 0.04 | PN_sigma 1.00e-03 | Q_SUB 256 | B 128 | lr 5.0e-04 | EsMC 0.998
  LOW  EbN0 13: tr 8.059e-02 base 8.043e-02 hinge 3.619e-03*15.00 | hardBER tr 1.555e-02 base 1.553e-02
  HIGH EbN0 30: tr 1.200e-01 base 1.201e-01 hinge 2.206e-04*2.00 | hardBER tr 6.841e-04 base 6.841e-04
  MED 7.931e-01*1.0e-02 | total 1.347e+00
[TRAIN] step    50 | eps 0.04 | PN_sigma 1.00e-03 | Q_SUB 256 | B 128 | lr 5.0e-04 | EsMC nan
  LOW  EbN0  5: tr 3.673e-01 base 3.683e-01 hinge 3.477e-03*15.00 | hardBER tr 1.089e-01 base 1.092e-01
  HIGH EbN0 33: tr 1.181e-01 base 1.466e-01 hinge 0.000e+00*2.00 | hardBER tr 3.433e-04 base 4.044e-04
  MED 7.929e-01*1.0e-02 | total 1.608e+00
[TRAIN] step   100 | eps 0.04 | PN_sigma 1.00e-03 | Q_SUB 256 | B 128 | lr 5.0e-04 | EsMC 0.999
  LOW  EbN0 19: tr 2.045e-02 base 2.573e-02 hinge 2.167e-04*2.00 | hardBER tr 1.976e-03 base 1.989e-03
  HIGH EbN0 23: tr 2.907e-02 base 5.499e-02 hinge 0.000e+00*2.00 | hardBER tr 1.035e-03 base 1.221e-03
  MED 7.922e-01*1.0e-02 | total 3.196e-01
[TRAIN] step   150 | eps 0.04 | PN_sigma 1.00e-03 | Q_SUB 256 | B 128 | lr 5.0e-04 | EsMC nan
  LOW  EbN0  0: tr 6.291e-01 base 6.299e-01 hinge 3.512e-03*15.00 | hardBER tr 2.010e-01 base 2.013e-01
  HIGH EbN0 22: tr 2.530e-02 base 3.107e-02 hinge 2.022e-04*2.00 | hardBER tr 1.376e-03 base 1.340e-03
  MED 7.927e-01*1.0e-02 | total 9.467e-01
[TRAIN] step   200 | eps 0.04 | PN_sigma 1.00e-03 | Q_SUB 256 | B 128 | lr 5.0e-04 | EsMC 1.000
  LOW  EbN0  8: tr 2.186e-01 base 2.243e-01 hinge 2.953e-03*15.00 | hardBER tr 5.964e-02 base 6.021e-02
  HIGH EbN0 24: tr 3.122e-02 base 4.891e-02 hinge 5.293e-06*2.00 | hardBER tr 1.025e-03 base 1.119e-03
  MED 7.926e-01*1.0e-02 | total 5.831e-01
[TRAIN] step   250 | eps 0.04 | PN_sigma 1.00e-03 | Q_SUB 256 | B 128 | lr 5.0e-04 | EsMC nan
  LOW  EbN0 20: tr 2.303e-02 base 3.370e-02 hinge 8.710e-05*2.00 | hardBER tr 1.826e-03 base 2.062e-03
  HIGH EbN0 23: tr 2.048e-02 base 3.368e-02 hinge 4.630e-05*2.00 | hardBER tr 1.088e-03 base 1.203e-03
  MED 7.921e-01*1.0e-02 | total 2.369e-01
[TRAIN] step   300 | eps 0.04 | PN_sigma 1.00e-03 | Q_SUB 256 | B 128 | lr 5.0e-04 | EsMC 0.996
  LOW  EbN0 13: tr 6.808e-02 base 7.948e-02 hinge 2.362e-03*15.00 | hardBER tr 1.410e-02 base 1.456e-02
  HIGH EbN0 24: tr 3.962e-02 base 6.228e-02 hinge 0.000e+00*2.00 | hardBER tr 9.308e-04 base 9.104e-04
  MED 7.929e-01*1.0e-02 | total 5.077e-01
[TRAIN] step   350 | eps 0.04 | PN_sigma 1.00e-03 | Q_SUB 256 | B 128 | lr 5.0e-04 | EsMC nan
  LOW  EbN0  0: tr 6.258e-01 base 6.271e-01 hinge 3.452e-03*15.00 | hardBER tr 1.997e-01 base 1.997e-01
  HIGH EbN0 33: tr 1.289e-01 base 2.331e-01 hinge 0.000e+00*2.00 | hardBER tr 4.323e-04 base 5.595e-04
  MED 7.924e-01*1.0e-02 | total 1.974e+00
[TRAIN] step   400 | eps 0.04 | PN_sigma 1.00e-03 | Q_SUB 256 | B 128 | lr 5.0e-04 | EsMC 0.999
  LOW  EbN0  9: tr 1.873e-01 base 1.905e-01 hinge 3.235e-03*15.00 | hardBER tr 4.904e-02 base 4.929e-02
  HIGH EbN0 23: tr 4.676e-02 base 7.201e-02 hinge 0.000e+00*2.00 | hardBER tr 1.226e-03 base 1.391e-03
  MED 7.927e-01*1.0e-02 | total 7.114e-01
[TRAIN] step   450 | eps 0.04 | PN_sigma 1.00e-03 | Q_SUB 256 | B 128 | lr 5.0e-04 | EsMC nan
  LOW  EbN0  5: tr 3.513e-01 base 3.546e-01 hinge 3.214e-03*15.00 | hardBER tr 1.032e-01 base 1.032e-01
  HIGH EbN0 25: tr 3.412e-02 base 4.942e-02 hinge 2.208e-05*2.00 | hardBER tr 7.858e-04 base 8.138e-04
  MED 7.925e-01*1.0e-02 | total 7.491e-01
[TRAIN] step   500 | eps 0.04 | PN_sigma 1.00e-03 | Q_SUB 256 | B 128 | lr 5.0e-04 | EsMC 0.995
  LOW  EbN0  6: tr 3.110e-01 base 3.157e-01 hinge 3.063e-03*15.00 | hardBER tr 8.983e-02 base 9.018e-02
  HIGH EbN0 27: tr 2.781e-02 base 6.298e-02 hinge 0.000e+00*2.00 | hardBER tr 6.434e-04 base 8.138e-04
  MED 7.926e-01*1.0e-02 | total 6.430e-01
[TRAIN] step   550 | eps 0.04 | PN_sigma 1.00e-03 | Q_SUB 256 | B 128 | lr 5.0e-04 | EsMC nan
  LOW  EbN0 11: tr 1.088e-01 base 1.175e-01 hinge 2.629e-03*15.00 | hardBER tr 2.602e-02 base 2.692e-02
  HIGH EbN0 22: tr 1.407e-02 base 2.478e-02 hinge 8.627e-05*2.00 | hardBER tr 9.460e-04 base 1.116e-03
  MED 7.920e-01*1.0e-02 | total 2.985e-01
[TRAIN] step   600 | eps 0.04 | PN_sigma 1.00e-03 | Q_SUB 256 | B 128 | lr 5.0e-04 | EsMC 0.994
  LOW  EbN0  0: tr 6.094e-01 base 6.093e-01 hinge 3.611e-03*15.00 | hardBER tr 1.933e-01 base 1.932e-01
  HIGH EbN0 29: tr 6.614e-02 base 1.167e-01 hinge 0.000e+00*2.00 | hardBER tr 5.697e-04 base 7.172e-04
  MED 7.935e-01*1.0e-02 | total 1.333e+00
[TRAIN] step   650 | eps 0.04 | PN_sigma 1.00e-03 | Q_SUB 256 | B 128 | lr 5.0e-04 | EsMC nan
  LOW  EbN0  8: tr 2.101e-01 base 2.135e-01 hinge 3.199e-03*15.00 | hardBER tr 5.765e-02 base 5.807e-02
  HIGH EbN0 31: tr 8.194e-02 base 1.612e-01 hinge 0.000e+00*2.00 | hardBER tr 4.756e-04 base 5.900e-04
  MED 7.923e-01*1.0e-02 | total 1.085e+00
[TRAIN] step   700 | eps 0.04 | PN_sigma 1.00e-03 | Q_SUB 256 | B 128 | lr 5.0e-04 | EsMC 1.003
  LOW  EbN0 12: tr 8.695e-02 base 9.760e-02 hinge 2.435e-03*15.00 | hardBER tr 1.959e-02 base 2.026e-02
  HIGH EbN0 27: tr 4.764e-02 base 5.228e-02 hinge 1.074e-04*2.00 | hardBER tr 8.850e-04 base 9.054e-04
  MED 7.924e-01*1.0e-02 | total 6.100e-01
[TRAIN] step   750 | eps 0.04 | PN_sigma 1.00e-03 | Q_SUB 256 | B 128 | lr 5.0e-04 | EsMC nan
  LOW  EbN0 11: tr 1.083e-01 base 1.155e-01 hinge 2.798e-03*15.00 | hardBER tr 2.611e-02 base 2.673e-02
  HIGH EbN0 22: tr 2.399e-02 base 4.032e-02 hinge 1.349e-05*2.00 | hardBER tr 1.180e-03 base 1.302e-03
  MED 7.926e-01*1.0e-02 | total 3.985e-01
[TRAIN] step   800 | eps 0.04 | PN_sigma 1.00e-03 | Q_SUB 256 | B 128 | lr 5.0e-04 | EsMC 1.005
  LOW  EbN0  8: tr 2.180e-01 base 2.224e-01 hinge 3.091e-03*15.00 | hardBER tr 5.971e-02 base 6.055e-02
  HIGH EbN0 29: tr 5.407e-02 base 5.948e-02 hinge 9.191e-05*2.00 | hardBER tr 4.705e-04 base 4.883e-04
  MED 7.920e-01*1.0e-02 | total 8.149e-01
[TRAIN] step   850 | eps 0.04 | PN_sigma 1.00e-03 | Q_SUB 256 | B 128 | lr 5.0e-04 | EsMC nan
  LOW  EbN0 11: tr 1.001e-01 base 1.059e-01 hinge 2.939e-03*15.00 | hardBER tr 2.309e-02 base 2.349e-02
  HIGH EbN0 25: tr 3.275e-02 base 5.734e-02 hinge 0.000e+00*2.00 | hardBER tr 8.418e-04 base 8.570e-04
  MED 7.919e-01*1.0e-02 | total 4.796e-01
[TRAIN] step   900 | eps 0.04 | PN_sigma 1.00e-03 | Q_SUB 256 | B 128 | lr 5.0e-04 | EsMC 1.002
  LOW  EbN0 14: tr 5.600e-02 base 6.608e-02 hinge 2.491e-03*15.00 | hardBER tr 1.033e-02 base 1.079e-02
  HIGH EbN0 33: tr 1.042e-01 base 1.715e-01 hinge 0.000e+00*2.00 | hardBER tr 4.603e-04 base 4.985e-04
  MED 7.925e-01*1.0e-02 | total 1.143e+00
[TRAIN] step   950 | eps 0.04 | PN_sigma 1.00e-03 | Q_SUB 256 | B 128 | lr 5.0e-04 | EsMC nan
  LOW  EbN0 20: tr 2.275e-02 base 3.140e-02 hinge 1.288e-04*2.00 | hardBER tr 1.892e-03 base 2.014e-03
  HIGH EbN0 28: tr 4.023e-02 base 6.967e-02 hinge 0.000e+00*2.00 | hardBER tr 5.442e-04 base 6.256e-04
  MED 7.924e-01*1.0e-02 | total 4.332e-01
[TRAIN] step  1000 | eps 0.04 | PN_sigma 1.00e-03 | Q_SUB 256 | B 128 | lr 5.0e-04 | EsMC 0.999
  LOW  EbN0 14: tr 5.449e-02 base 6.469e-02 hinge 2.480e-03*15.00 | hardBER tr 1.075e-02 base 1.112e-02
  HIGH EbN0 22: tr 2.801e-02 base 2.986e-02 hinge 3.294e-04*2.00 | hardBER tr 1.343e-03 base 1.310e-03
  MED 7.930e-01*1.0e-02 | total 3.863e-01
[TRAIN] step  1050 | eps 0.04 | PN_sigma 1.00e-03 | Q_SUB 256 | B 128 | lr 5.0e-04 | EsMC nan
  LOW  EbN0 15: tr 4.150e-02 base 5.094e-02 hinge 2.556e-03*15.00 | hardBER tr 7.276e-03 base 7.528e-03
  HIGH EbN0 23: tr 2.479e-02 base 3.183e-02 hinge 1.680e-04*2.00 | hardBER tr 1.007e-03 base 1.109e-03
  MED 7.928e-01*1.0e-02 | total 3.391e-01
[TRAIN] step  1100 | eps 0.04 | PN_sigma 1.00e-03 | Q_SUB 256 | B 128 | lr 5.0e-04 | EsMC 0.998
  LOW  EbN0 11: tr 1.082e-01 base 1.168e-01 hinge 2.638e-03*15.00 | hardBER tr 2.684e-02 base 2.773e-02
  HIGH EbN0 28: tr 5.491e-02 base 8.995e-02 hinge 0.000e+00*2.00 | hardBER tr 5.417e-04 base 6.129e-04
  MED 7.922e-01*1.0e-02 | total 7.047e-01
[TRAIN] step  1150 | eps 0.04 | PN_sigma 1.00e-03 | Q_SUB 256 | B 128 | lr 5.0e-04 | EsMC nan
  LOW  EbN0  1: tr 5.911e-01 base 5.918e-01 hinge 3.514e-03*15.00 | hardBER tr 1.874e-01 base 1.871e-01
  HIGH EbN0 25: tr 1.856e-02 base 2.729e-02 hinge 1.269e-04*2.00 | hardBER tr 5.264e-04 base 6.765e-04
  MED 7.930e-01*1.0e-02 | total 8.398e-01
[TRAIN] step  1200 | eps 0.04 | PN_sigma 1.00e-03 | Q_SUB 256 | B 128 | lr 5.0e-04 | EsMC 1.000
  LOW  EbN0 10: tr 1.384e-01 base 1.427e-01 hinge 3.096e-03*15.00 | hardBER tr 3.471e-02 base 3.517e-02
  HIGH EbN0 28: tr 5.664e-02 base 5.596e-02 hinge 2.459e-04*2.00 | hardBER tr 5.112e-04 base 6.765e-04
  MED 7.925e-01*1.0e-02 | total 7.640e-01
[TRAIN] step  1250 | eps 0.04 | PN_sigma 1.00e-03 | Q_SUB 256 | B 128 | lr 5.0e-04 | EsMC nan
  LOW  EbN0  9: tr 1.720e-01 base 1.821e-01 hinge 2.482e-03*15.00 | hardBER tr 4.533e-02 base 4.690e-02
  HIGH EbN0 30: tr 6.533e-02 base 9.536e-02 hinge 0.000e+00*2.00 | hardBER tr 5.544e-04 base 6.104e-04
  MED 7.923e-01*1.0e-02 | total 8.704e-01
[TRAIN] step  1300 | eps 0.04 | PN_sigma 1.00e-03 | Q_SUB 256 | B 128 | lr 5.0e-04 | EsMC 0.998
  LOW  EbN0 20: tr 1.921e-02 base 2.813e-02 hinge 1.228e-04*2.00 | hardBER tr 1.429e-03 base 1.767e-03
  HIGH EbN0 31: tr 7.444e-02 base 9.710e-02 hinge 0.000e+00*2.00 | hardBER tr 5.646e-04 base 6.460e-04
  MED 7.925e-01*1.0e-02 | total 7.718e-01
[TRAIN] step  1350 | eps 0.04 | PN_sigma 1.00e-03 | Q_SUB 256 | B 128 | lr 5.0e-04 | EsMC nan
  LOW  EbN0 13: tr 5.538e-02 base 6.360e-02 hinge 2.681e-03*15.00 | hardBER tr 1.159e-02 base 1.191e-02
  HIGH EbN0 30: tr 6.746e-02 base 8.766e-02 hinge 0.000e+00*2.00 | hardBER tr 4.628e-04 base 4.323e-04
  MED 7.930e-01*1.0e-02 | total 7.782e-01
[TRAIN] step  1400 | eps 0.04 | PN_sigma 1.00e-03 | Q_SUB 256 | B 128 | lr 5.0e-04 | EsMC 1.000
  LOW  EbN0 16: tr 2.984e-02 base 4.138e-02 hinge 7.153e-05*2.00 | hardBER tr 4.514e-03 base 4.911e-03
  HIGH EbN0 30: tr 5.315e-02 base 9.067e-02 hinge 0.000e+00*2.00 | hardBER tr 4.959e-04 base 6.510e-04
  MED 7.927e-01*1.0e-02 | total 5.694e-01
[TRAIN] step  1450 | eps 0.04 | PN_sigma 1.00e-03 | Q_SUB 256 | B 128 | lr 5.0e-04 | EsMC nan
  LOW  EbN0 21: tr 3.000e-02 base 3.447e-02 hinge 2.414e-04*2.00 | hardBER tr 1.508e-03 base 1.648e-03
  HIGH EbN0 28: tr 3.051e-02 base 3.561e-02 hinge 9.807e-05*2.00 | hardBER tr 4.349e-04 base 5.417e-04
  MED 7.932e-01*1.0e-02 | total 3.455e-01
[TRAIN] step  1500 | eps 0.04 | PN_sigma 1.00e-03 | Q_SUB 256 | B 128 | lr 5.0e-04 | EsMC 1.001
  LOW  EbN0  1: tr 5.984e-01 base 5.999e-01 hinge 3.427e-03*15.00 | hardBER tr 1.891e-01 base 1.891e-01
  HIGH EbN0 35: tr 1.328e-01 base 1.476e-01 hinge 5.093e-08*2.00 | hardBER tr 4.094e-04 base 4.679e-04
  MED 7.923e-01*1.0e-02 | total 1.986e+00
[TRAIN] step  1550 | eps 0.04 | PN_sigma 1.00e-03 | Q_SUB 256 | B 128 | lr 5.0e-04 | EsMC nan
  LOW  EbN0  9: tr 1.604e-01 base 1.674e-01 hinge 2.809e-03*15.00 | hardBER tr 4.123e-02 base 4.135e-02
  HIGH EbN0 29: tr 6.657e-02 base 9.973e-02 hinge 0.000e+00*2.00 | hardBER tr 5.341e-04 base 6.307e-04
  MED 7.929e-01*1.0e-02 | total 8.761e-01
[TRAIN] step  1600 | eps 0.04 | PN_sigma 1.00e-03 | Q_SUB 256 | B 128 | lr 5.0e-04 | EsMC 0.999
  LOW  EbN0 14: tr 5.617e-02 base 6.544e-02 hinge 2.573e-03*15.00 | hardBER tr 9.979e-03 base 1.037e-02
  HIGH EbN0 34: tr 1.136e-01 base 1.442e-01 hinge 0.000e+00*2.00 | hardBER tr 4.222e-04 base 4.323e-04
  MED 7.917e-01*1.0e-02 | total 1.239e+00
[TRAIN] step  1650 | eps 0.04 | PN_sigma 1.00e-03 | Q_SUB 256 | B 128 | lr 5.0e-04 | EsMC nan
  LOW  EbN0  9: tr 1.788e-01 base 1.859e-01 hinge 2.796e-03*15.00 | hardBER tr 4.685e-02 base 4.751e-02
  HIGH EbN0 34: tr 2.698e-01 base 3.547e-01 hinge 0.000e+00*2.00 | hardBER tr 6.638e-04 base 7.121e-04
  MED 7.922e-01*1.0e-02 | total 2.927e+00
[TRAIN] step  1700 | eps 0.04 | PN_sigma 1.00e-03 | Q_SUB 256 | B 128 | lr 5.0e-04 | EsMC 0.998
  LOW  EbN0  7: tr 2.533e-01 base 2.574e-01 hinge 3.125e-03*15.00 | hardBER tr 7.146e-02 base 7.214e-02
  HIGH EbN0 24: tr 2.232e-02 base 5.728e-02 hinge 0.000e+00*2.00 | hardBER tr 6.434e-04 base 8.876e-04
  MED 7.927e-01*1.0e-02 | total 5.313e-01
[TRAIN] step  1750 | eps 0.04 | PN_sigma 1.00e-03 | Q_SUB 256 | B 128 | lr 5.0e-04 | EsMC nan
  LOW  EbN0 19: tr 2.130e-02 base 3.282e-02 hinge 7.201e-05*2.00 | hardBER tr 2.248e-03 base 2.436e-03
  HIGH EbN0 24: tr 2.886e-02 base 3.793e-02 hinge 1.196e-04*2.00 | hardBER tr 9.460e-04 base 1.094e-03
  MED 7.929e-01*1.0e-02 | total 3.204e-01
[TRAIN] step  1800 | eps 0.04 | PN_sigma 1.00e-03 | Q_SUB 256 | B 128 | lr 5.0e-04 | EsMC 1.001
  LOW  EbN0  2: tr 5.247e-01 base 5.261e-01 hinge 3.444e-03*15.00 | hardBER tr 1.621e-01 base 1.622e-01
  HIGH EbN0 27: tr 5.278e-02 base 6.125e-02 hinge 4.269e-05*2.00 | hardBER tr 7.172e-04 base 7.451e-04
  MED 7.925e-01*1.0e-02 | total 1.113e+00
[TRAIN] step  1850 | eps 0.04 | PN_sigma 1.00e-03 | Q_SUB 256 | B 128 | lr 5.0e-04 | EsMC nan
  LOW  EbN0 18: tr 2.724e-02 base 4.389e-02 hinge 1.126e-05*2.00 | hardBER tr 3.176e-03 base 3.352e-03
  HIGH EbN0 32: tr 1.226e-01 base 1.418e-01 hinge 0.000e+00*2.00 | hardBER tr 5.417e-04 base 5.569e-04
  MED 7.932e-01*1.0e-02 | total 1.261e+00
[TRAIN] step  1900 | eps 0.04 | PN_sigma 1.00e-03 | Q_SUB 256 | B 128 | lr 5.0e-04 | EsMC 1.000
  LOW  EbN0  4: tr 4.191e-01 base 4.210e-01 hinge 3.379e-03*15.00 | hardBER tr 1.269e-01 base 1.273e-01
  HIGH EbN0 26: tr 3.179e-02 base 6.227e-02 hinge 0.000e+00*2.00 | hardBER tr 7.044e-04 base 9.282e-04
  MED 7.930e-01*1.0e-02 | total 7.956e-01
[TRAIN] step  1950 | eps 0.04 | PN_sigma 1.00e-03 | Q_SUB 256 | B 128 | lr 5.0e-04 | EsMC nan
  LOW  EbN0  4: tr 4.116e-01 base 4.145e-01 hinge 3.263e-03*15.00 | hardBER tr 1.238e-01 base 1.243e-01
  HIGH EbN0 23: tr 3.480e-02 base 3.922e-02 hinge 2.426e-04*2.00 | hardBER tr 1.101e-03 base 1.193e-03
  MED 7.934e-01*1.0e-02 | total 8.213e-01
[TRAIN] step  2000 | eps 0.04 | PN_sigma 1.00e-03 | Q_SUB 256 | B 128 | lr 5.0e-04 | EsMC 0.996
  LOW  EbN0 20: tr 2.334e-02 base 3.233e-02 hinge 1.212e-04*2.00 | hardBER tr 1.869e-03 base 1.991e-03
  HIGH EbN0 24: tr 1.856e-02 base 4.320e-02 hinge 0.000e+00*2.00 | hardBER tr 5.697e-04 base 7.197e-04
  MED 7.925e-01*1.0e-02 | total 2.171e-01
[TRAIN] step  2050 | eps 0.04 | PN_sigma 1.00e-03 | Q_SUB 256 | B 128 | lr 5.0e-04 | EsMC nan
  LOW  EbN0 10: tr 1.260e-01 base 1.343e-01 hinge 2.670e-03*15.00 | hardBER tr 3.113e-02 base 3.197e-02
  HIGH EbN0 24: tr 2.922e-02 base 3.553e-02 hinge 1.872e-04*2.00 | hardBER tr 8.087e-04 base 8.672e-04
  MED 7.922e-01*1.0e-02 | total 4.699e-01
[TRAIN] step  2100 | eps 0.04 | PN_sigma 1.00e-03 | Q_SUB 256 | B 128 | lr 5.0e-04 | EsMC 0.992
  LOW  EbN0  0: tr 6.265e-01 base 6.272e-01 hinge 3.512e-03*15.00 | hardBER tr 1.999e-01 base 1.999e-01
  HIGH EbN0 32: tr 9.264e-02 base 1.369e-01 hinge 0.000e+00*2.00 | hardBER tr 5.264e-04 base 5.722e-04
  MED 7.928e-01*1.0e-02 | total 1.614e+00
[TRAIN] step  2150 | eps 0.04 | PN_sigma 1.00e-03 | Q_SUB 256 | B 128 | lr 5.0e-04 | EsMC nan
  LOW  EbN0  9: tr 1.838e-01 base 1.922e-01 hinge 2.659e-03*15.00 | hardBER tr 4.878e-02 base 5.034e-02
  HIGH EbN0 34: tr 1.710e-01 base 2.916e-01 hinge 0.000e+00*2.00 | hardBER tr 5.239e-04 base 6.510e-04
  MED 7.921e-01*1.0e-02 | total 1.942e+00
[TRAIN] step  2200 | eps 0.04 | PN_sigma 1.00e-03 | Q_SUB 256 | B 128 | lr 5.0e-04 | EsMC 0.995
  LOW  EbN0 11: tr 1.079e-01 base 1.140e-01 hinge 2.907e-03*15.00 | hardBER tr 2.524e-02 base 2.611e-02
  HIGH EbN0 28: tr 7.389e-02 base 8.878e-02 hinge 1.303e-08*2.00 | hardBER tr 6.688e-04 base 7.095e-04
  MED 7.932e-01*1.0e-02 | total 8.983e-01
[TRAIN] step  2250 | eps 0.04 | PN_sigma 1.00e-03 | Q_SUB 256 | B 128 | lr 5.0e-04 | EsMC nan
  LOW  EbN0  0: tr 6.297e-01 base 6.314e-01 hinge 3.398e-03*15.00 | hardBER tr 2.011e-01 base 2.016e-01
  HIGH EbN0 22: tr 2.167e-02 base 5.285e-02 hinge 0.000e+00*2.00 | hardBER tr 1.139e-03 base 1.401e-03
  MED 7.918e-01*1.0e-02 | total 9.053e-01
[TRAIN] step  2300 | eps 0.04 | PN_sigma 1.00e-03 | Q_SUB 256 | B 128 | lr 5.0e-04 | EsMC 1.003
  LOW  EbN0  6: tr 2.936e-01 base 2.980e-01 hinge 3.092e-03*15.00 | hardBER tr 8.452e-02 base 8.493e-02
  HIGH EbN0 35: tr 2.541e-01 base 4.025e-01 hinge 0.000e+00*2.00 | hardBER tr 5.010e-04 base 6.587e-04
  MED 7.923e-01*1.0e-02 | total 2.889e+00
[TRAIN] step  2350 | eps 0.04 | PN_sigma 1.00e-03 | Q_SUB 256 | B 128 | lr 5.0e-04 | EsMC nan
  LOW  EbN0 14: tr 4.884e-02 base 5.728e-02 hinge 2.659e-03*15.00 | hardBER tr 9.158e-03 base 9.852e-03
  HIGH EbN0 22: tr 1.754e-02 base 2.527e-02 hinge 1.506e-04*2.00 | hardBER tr 9.181e-04 base 1.012e-03
  MED 7.925e-01*1.0e-02 | total 2.750e-01
[TRAIN] step  2400 | eps 0.04 | PN_sigma 1.00e-03 | Q_SUB 256 | B 128 | lr 5.0e-04 | EsMC 0.998
  LOW  EbN0  1: tr 5.974e-01 base 5.985e-01 hinge 3.475e-03*15.00 | hardBER tr 1.898e-01 base 1.896e-01
  HIGH EbN0 30: tr 6.800e-02 base 1.818e-01 hinge 0.000e+00*2.00 | hardBER tr 4.679e-04 base 6.460e-04
  MED 7.926e-01*1.0e-02 | total 1.338e+00
[TRAIN] step  2450 | eps 0.04 | PN_sigma 1.00e-03 | Q_SUB 256 | B 128 | lr 5.0e-04 | EsMC nan
  LOW  EbN0 15: tr 3.467e-02 base 4.534e-02 hinge 2.434e-03*15.00 | hardBER tr 6.396e-03 base 7.215e-03
  HIGH EbN0 35: tr 1.827e-01 base 3.248e-01 hinge 0.000e+00*2.00 | hardBER tr 4.425e-04 base 6.485e-04
  MED 7.920e-01*1.0e-02 | total 1.906e+00
[TRAIN] step  2500 | eps 0.04 | PN_sigma 1.00e-03 | Q_SUB 256 | B 128 | lr 2.5e-04 | EsMC 1.003
  LOW  EbN0 21: tr 1.926e-02 base 3.560e-02 hinge 1.333e-05*2.00 | hardBER tr 1.272e-03 base 1.498e-03
  HIGH EbN0 33: tr 1.447e-01 base 2.291e-01 hinge 0.000e+00*2.00 | hardBER tr 5.468e-04 base 5.773e-04
  MED 7.921e-01*1.0e-02 | total 1.474e+00
[TRAIN] step  2550 | eps 0.04 | PN_sigma 1.00e-03 | Q_SUB 256 | B 128 | lr 2.5e-04 | EsMC nan
  LOW  EbN0  5: tr 3.566e-01 base 3.586e-01 hinge 3.368e-03*15.00 | hardBER tr 1.053e-01 base 1.058e-01
  HIGH EbN0 23: tr 2.250e-02 base 2.633e-02 hinge 2.615e-04*2.00 | hardBER tr 8.341e-04 base 9.689e-04
  MED 7.928e-01*1.0e-02 | total 6.453e-01
[TRAIN] step  2600 | eps 0.04 | PN_sigma 1.00e-03 | Q_SUB 256 | B 128 | lr 2.5e-04 | EsMC 1.002
  LOW  EbN0  7: tr 2.564e-01 base 2.645e-01 hinge 2.695e-03*15.00 | hardBER tr 7.242e-02 base 7.390e-02
  HIGH EbN0 23: tr 2.923e-02 base 5.190e-02 hinge 0.000e+00*2.00 | hardBER tr 8.392e-04 base 1.190e-03
  MED 7.922e-01*1.0e-02 | total 5.970e-01
[TRAIN] step  2650 | eps 0.04 | PN_sigma 1.00e-03 | Q_SUB 256 | B 128 | lr 2.5e-04 | EsMC nan
  LOW  EbN0 19: tr 3.326e-02 base 4.468e-02 hinge 7.356e-05*2.00 | hardBER tr 2.515e-03 base 2.907e-03
  HIGH EbN0 27: tr 6.535e-02 base 1.199e-01 hinge 0.000e+00*2.00 | hardBER tr 6.536e-04 base 8.113e-04
  MED 7.932e-01*1.0e-02 | total 6.948e-01
[TRAIN] step  2700 | eps 0.04 | PN_sigma 1.00e-03 | Q_SUB 256 | B 128 | lr 2.5e-04 | EsMC 0.998
  LOW  EbN0 12: tr 7.269e-02 base 8.450e-02 hinge 2.323e-03*15.00 | hardBER tr 1.692e-02 base 1.801e-02
  HIGH EbN0 22: tr 2.131e-02 base 4.244e-02 hinge 0.000e+00*2.00 | hardBER tr 1.043e-03 base 1.411e-03
  MED 7.922e-01*1.0e-02 | total 3.285e-01
[TRAIN] step  2750 | eps 0.04 | PN_sigma 1.00e-03 | Q_SUB 256 | B 128 | lr 2.5e-04 | EsMC nan
  LOW  EbN0  9: tr 1.906e-01 base 1.991e-01 hinge 2.659e-03*15.00 | hardBER tr 5.088e-02 base 5.247e-02
  HIGH EbN0 29: tr 8.013e-02 base 1.055e-01 hinge 0.000e+00*2.00 | hardBER tr 6.383e-04 base 8.087e-04
  MED 7.921e-01*1.0e-02 | total 1.040e+00
[TRAIN] step  2800 | eps 0.04 | PN_sigma 1.00e-03 | Q_SUB 256 | B 128 | lr 2.5e-04 | EsMC 1.001
  LOW  EbN0 17: tr 3.106e-02 base 4.037e-02 hinge 1.143e-04*2.00 | hardBER tr 3.779e-03 base 4.349e-03
  HIGH EbN0 25: tr 3.385e-02 base 5.351e-02 hinge 1.157e-07*2.00 | hardBER tr 8.494e-04 base 9.384e-04
  MED 7.919e-01*1.0e-02 | total 3.777e-01
[TRAIN] step  2850 | eps 0.04 | PN_sigma 1.00e-03 | Q_SUB 256 | B 128 | lr 2.5e-04 | EsMC nan
  LOW  EbN0 16: tr 2.696e-02 base 3.311e-02 hinge 1.919e-04*2.00 | hardBER tr 4.222e-03 base 4.804e-03
  HIGH EbN0 33: tr 2.117e-01 base 2.809e-01 hinge 0.000e+00*2.00 | hardBER tr 4.603e-04 base 5.747e-04
  MED 7.927e-01*1.0e-02 | total 2.152e+00
[TRAIN] step  2900 | eps 0.04 | PN_sigma 1.00e-03 | Q_SUB 256 | B 128 | lr 2.5e-04 | EsMC 0.996
  LOW  EbN0  7: tr 2.600e-01 base 2.678e-01 hinge 2.722e-03*15.00 | hardBER tr 7.273e-02 base 7.432e-02
  HIGH EbN0 35: tr 1.764e-01 base 4.486e-01 hinge 0.000e+00*2.00 | hardBER tr 4.323e-04 base 6.561e-04
  MED 7.928e-01*1.0e-02 | total 2.073e+00
[TRAIN] step  2950 | eps 0.04 | PN_sigma 1.00e-03 | Q_SUB 256 | B 128 | lr 2.5e-04 | EsMC nan
  LOW  EbN0  8: tr 1.914e-01 base 2.023e-01 hinge 2.420e-03*15.00 | hardBER tr 5.110e-02 base 5.258e-02
  HIGH EbN0 24: tr 4.015e-02 base 5.595e-02 hinge 1.764e-05*2.00 | hardBER tr 9.054e-04 base 1.177e-03
  MED 7.919e-01*1.0e-02 | total 6.375e-01
[TRAIN] step  3000 | eps 0.04 | PN_sigma 1.00e-03 | Q_SUB 256 | B 128 | lr 2.5e-04 | EsMC 1.000
  LOW  EbN0 21: tr 1.945e-02 base 3.462e-02 hinge 2.335e-05*2.00 | hardBER tr 1.017e-03 base 1.363e-03
  HIGH EbN0 35: tr 1.179e-01 base 3.488e-01 hinge 0.000e+00*2.00 | hardBER tr 2.747e-04 base 4.705e-04
  MED 7.930e-01*1.0e-02 | total 1.206e+00
[TRAIN] step  3050 | eps 0.04 | PN_sigma 1.00e-03 | Q_SUB 256 | B 128 | lr 2.5e-04 | EsMC nan
  LOW  EbN0  3: tr 4.721e-01 base 4.749e-01 hinge 3.275e-03*15.00 | hardBER tr 1.439e-01 base 1.450e-01
  HIGH EbN0 31: tr 7.847e-02 base 2.026e-01 hinge 0.000e+00*2.00 | hardBER tr 4.578e-04 base 7.629e-04
  MED 7.926e-01*1.0e-02 | total 1.314e+00
[TRAIN] step  3100 | eps 0.04 | PN_sigma 1.00e-03 | Q_SUB 256 | B 128 | lr 2.5e-04 | EsMC 1.002
  LOW  EbN0  0: tr 6.275e-01 base 6.283e-01 hinge 3.509e-03*15.00 | hardBER tr 2.005e-01 base 2.006e-01
  HIGH EbN0 33: tr 1.224e-01 base 4.275e-01 hinge 0.000e+00*2.00 | hardBER tr 3.764e-04 base 5.620e-04
  MED 7.922e-01*1.0e-02 | total 1.913e+00
[TRAIN] step  3150 | eps 0.04 | PN_sigma 1.00e-03 | Q_SUB 256 | B 128 | lr 2.5e-04 | EsMC nan
  LOW  EbN0  4: tr 4.072e-01 base 4.095e-01 hinge 3.336e-03*15.00 | hardBER tr 1.216e-01 base 1.221e-01
  HIGH EbN0 25: tr 2.188e-02 base 4.867e-02 hinge 0.000e+00*2.00 | hardBER tr 4.298e-04 base 5.722e-04
  MED 7.931e-01*1.0e-02 | total 6.840e-01
[TRAIN] step  3200 | eps 0.04 | PN_sigma 1.00e-03 | Q_SUB 256 | B 128 | lr 2.5e-04 | EsMC 1.001
  LOW  EbN0  7: tr 2.481e-01 base 2.560e-01 hinge 2.711e-03*15.00 | hardBER tr 6.943e-02 base 7.142e-02
  HIGH EbN0 27: tr 2.832e-02 base 7.376e-02 hinge 0.000e+00*2.00 | hardBER tr 4.857e-04 base 8.316e-04
  MED 7.920e-01*1.0e-02 | total 5.799e-01
[TRAIN] step  3250 | eps 0.04 | PN_sigma 1.00e-03 | Q_SUB 256 | B 128 | lr 2.5e-04 | EsMC nan
  LOW  EbN0  7: tr 2.483e-01 base 2.530e-01 hinge 3.059e-03*15.00 | hardBER tr 6.935e-02 base 7.059e-02
  HIGH EbN0 30: tr 3.951e-02 base 1.021e-01 hinge 0.000e+00*2.00 | hardBER tr 3.153e-04 base 4.679e-04
  MED 7.936e-01*1.0e-02 | total 6.972e-01
[TRAIN] step  3300 | eps 0.04 | PN_sigma 1.00e-03 | Q_SUB 256 | B 128 | lr 2.5e-04 | EsMC 1.003
  LOW  EbN0  4: tr 4.097e-01 base 4.135e-01 hinge 3.148e-03*15.00 | hardBER tr 1.234e-01 base 1.246e-01
  HIGH EbN0 31: tr 4.439e-02 base 1.088e-01 hinge 0.000e+00*2.00 | hardBER tr 3.153e-04 base 5.086e-04
  MED 7.924e-01*1.0e-02 | total 9.087e-01
[TRAIN] step  3350 | eps 0.04 | PN_sigma 1.00e-03 | Q_SUB 256 | B 128 | lr 2.5e-04 | EsMC nan
  LOW  EbN0  8: tr 2.122e-01 base 2.207e-01 hinge 2.652e-03*15.00 | hardBER tr 5.750e-02 base 5.952e-02
  HIGH EbN0 28: tr 4.693e-02 base 1.471e-01 hinge 0.000e+00*2.00 | hardBER tr 3.713e-04 base 7.731e-04
  MED 7.927e-01*1.0e-02 | total 7.292e-01
[TRAIN] step  3400 | eps 0.04 | PN_sigma 1.00e-03 | Q_SUB 256 | B 128 | lr 2.5e-04 | EsMC 0.999
  LOW  EbN0  7: tr 2.655e-01 base 2.702e-01 hinge 3.061e-03*15.00 | hardBER tr 7.468e-02 base 7.570e-02
  HIGH EbN0 35: tr 1.870e-01 base 2.595e-01 hinge 0.000e+00*2.00 | hardBER tr 4.298e-04 base 4.857e-04
  MED 7.926e-01*1.0e-02 | total 2.189e+00
[TRAIN] step  3450 | eps 0.04 | PN_sigma 1.00e-03 | Q_SUB 256 | B 128 | lr 2.5e-04 | EsMC nan
  LOW  EbN0 11: tr 1.045e-01 base 1.190e-01 hinge 2.068e-03*15.00 | hardBER tr 2.541e-02 base 2.710e-02
  HIGH EbN0 25: tr 3.694e-02 base 3.859e-02 hinge 3.369e-04*2.00 | hardBER tr 7.095e-04 base 9.410e-04
  MED 7.928e-01*1.0e-02 | total 5.196e-01
[TRAIN] step  3500 | eps 0.04 | PN_sigma 1.00e-03 | Q_SUB 256 | B 128 | lr 2.5e-04 | EsMC 0.996
  LOW  EbN0  8: tr 2.003e-01 base 2.092e-01 hinge 2.614e-03*15.00 | hardBER tr 5.414e-02 base 5.629e-02
  HIGH EbN0 27: tr 3.980e-02 base 6.075e-02 hinge 0.000e+00*2.00 | hardBER tr 4.578e-04 base 7.121e-04
  MED 7.931e-01*1.0e-02 | total 6.454e-01
[TRAIN] step  3550 | eps 0.04 | PN_sigma 1.00e-03 | Q_SUB 256 | B 128 | lr 2.5e-04 | EsMC nan
  LOW  EbN0  1: tr 5.833e-01 base 5.835e-01 hinge 3.583e-03*15.00 | hardBER tr 1.841e-01 base 1.841e-01
  HIGH EbN0 31: tr 8.979e-02 base 1.970e-01 hinge 0.000e+00*2.00 | hardBER tr 4.985e-04 base 5.900e-04
  MED 7.930e-01*1.0e-02 | total 1.543e+00
[TRAIN] step  3600 | eps 0.04 | PN_sigma 1.00e-03 | Q_SUB 256 | B 128 | lr 2.5e-04 | EsMC 1.002
  LOW  EbN0 11: tr 1.193e-01 base 1.271e-01 hinge 2.721e-03*15.00 | hardBER tr 2.835e-02 base 2.974e-02
  HIGH EbN0 29: tr 4.081e-02 base 6.769e-02 hinge 0.000e+00*2.00 | hardBER tr 4.247e-04 base 6.358e-04
  MED 7.927e-01*1.0e-02 | total 5.761e-01
[TRAIN] step  3650 | eps 0.04 | PN_sigma 1.00e-03 | Q_SUB 256 | B 128 | lr 2.5e-04 | EsMC nan
  LOW  EbN0 11: tr 9.716e-02 base 1.044e-01 hinge 2.788e-03*15.00 | hardBER tr 2.256e-02 base 2.361e-02
  HIGH EbN0 29: tr 3.963e-02 base 6.954e-02 hinge 0.000e+00*2.00 | hardBER tr 4.069e-04 base 6.078e-04
  MED 7.927e-01*1.0e-02 | total 5.432e-01
[TRAIN] step  3700 | eps 0.04 | PN_sigma 1.00e-03 | Q_SUB 256 | B 128 | lr 2.5e-04 | EsMC 1.001
  LOW  EbN0 11: tr 1.044e-01 base 1.146e-01 hinge 2.482e-03*15.00 | hardBER tr 2.426e-02 base 2.578e-02
  HIGH EbN0 26: tr 2.636e-02 base 4.458e-02 hinge 3.172e-06*2.00 | hardBER tr 4.603e-04 base 6.409e-04
  MED 7.926e-01*1.0e-02 | total 4.132e-01
[TRAIN] step  3750 | eps 0.04 | PN_sigma 1.00e-03 | Q_SUB 256 | B 128 | lr 2.5e-04 | EsMC nan
  LOW  EbN0 12: tr 8.166e-02 base 9.406e-02 hinge 2.265e-03*15.00 | hardBER tr 1.760e-02 base 1.963e-02
  HIGH EbN0 22: tr 2.689e-02 base 4.865e-02 hinge 0.000e+00*2.00 | hardBER tr 8.418e-04 base 1.239e-03
  MED 7.922e-01*1.0e-02 | total 3.924e-01
[TRAIN] step  3800 | eps 0.04 | PN_sigma 1.00e-03 | Q_SUB 256 | B 128 | lr 2.5e-04 | EsMC 0.999
  LOW  EbN0  4: tr 3.936e-01 base 3.950e-01 hinge 3.442e-03*15.00 | hardBER tr 1.174e-01 base 1.182e-01
  HIGH EbN0 22: tr 1.982e-02 base 3.711e-02 hinge 7.367e-06*2.00 | hardBER tr 9.613e-04 base 1.266e-03
  MED 7.928e-01*1.0e-02 | total 6.515e-01
[TRAIN] step  3850 | eps 0.04 | PN_sigma 1.00e-03 | Q_SUB 256 | B 128 | lr 2.5e-04 | EsMC nan
  LOW  EbN0  5: tr 3.390e-01 base 3.438e-01 hinge 3.046e-03*15.00 | hardBER tr 9.950e-02 base 1.005e-01
  HIGH EbN0 25: tr 2.558e-02 base 3.705e-02 hinge 7.270e-05*2.00 | hardBER tr 4.374e-04 base 6.841e-04
  MED 7.932e-01*1.0e-02 | total 6.499e-01
[TRAIN] step  3900 | eps 0.04 | PN_sigma 1.00e-03 | Q_SUB 256 | B 128 | lr 2.5e-04 | EsMC 1.004
  LOW  EbN0 18: tr 2.367e-02 base 3.144e-02 hinge 1.496e-04*2.00 | hardBER tr 2.083e-03 base 2.586e-03
  HIGH EbN0 24: tr 1.987e-02 base 5.238e-02 hinge 0.000e+00*2.00 | hardBER tr 5.773e-04 base 7.884e-04
  MED 7.929e-01*1.0e-02 | total 2.306e-01
[TRAIN] step  3950 | eps 0.04 | PN_sigma 1.00e-03 | Q_SUB 256 | B 128 | lr 2.5e-04 | EsMC nan
  LOW  EbN0  0: tr 6.152e-01 base 6.149e-01 hinge 3.628e-03*15.00 | hardBER tr 1.956e-01 base 1.954e-01
  HIGH EbN0 29: tr 2.368e-02 base 6.467e-02 hinge 0.000e+00*2.00 | hardBER tr 3.103e-04 base 5.671e-04
  MED 7.933e-01*1.0e-02 | total 9.143e-01
[TRAIN] step  4000 | eps 0.04 | PN_sigma 1.00e-03 | Q_SUB 256 | B 128 | lr 2.5e-04 | EsMC 1.004
  LOW  EbN0  3: tr 4.630e-01 base 4.634e-01 hinge 3.557e-03*15.00 | hardBER tr 1.408e-01 base 1.407e-01
  HIGH EbN0 28: tr 4.555e-02 base 9.142e-02 hinge 0.000e+00*2.00 | hardBER tr 4.857e-04 base 7.273e-04
  MED 7.933e-01*1.0e-02 | total 9.799e-01
[TRAIN] step  4050 | eps 0.04 | PN_sigma 1.00e-03 | Q_SUB 256 | B 128 | lr 2.5e-04 | EsMC nan
  LOW  EbN0  7: tr 2.541e-01 base 2.584e-01 hinge 3.096e-03*15.00 | hardBER tr 7.077e-02 base 7.226e-02
  HIGH EbN0 35: tr 1.631e-01 base 6.012e-01 hinge 0.000e+00*2.00 | hardBER tr 2.111e-04 base 6.358e-04
  MED 7.933e-01*1.0e-02 | total 1.939e+00
[TRAIN] step  4100 | eps 0.04 | PN_sigma 1.00e-03 | Q_SUB 256 | B 128 | lr 2.5e-04 | EsMC 0.999
  LOW  EbN0 13: tr 6.897e-02 base 8.258e-02 hinge 2.152e-03*15.00 | hardBER tr 1.468e-02 base 1.647e-02
  HIGH EbN0 26: tr 2.729e-02 base 3.529e-02 hinge 1.440e-04*2.00 | hardBER tr 4.908e-04 base 6.485e-04
  MED 7.929e-01*1.0e-02 | total 3.849e-01
[TRAIN] step  4150 | eps 0.04 | PN_sigma 1.00e-03 | Q_SUB 256 | B 128 | lr 2.5e-04 | EsMC nan
  LOW  EbN0  9: tr 1.747e-01 base 1.833e-01 hinge 2.640e-03*15.00 | hardBER tr 4.563e-02 base 4.754e-02
  HIGH EbN0 22: tr 9.407e-03 base 1.839e-02 hinge 1.213e-04*2.00 | hardBER tr 5.264e-04 base 8.850e-04
  MED 7.939e-01*1.0e-02 | total 3.187e-01
[TRAIN] step  4200 | eps 0.04 | PN_sigma 1.00e-03 | Q_SUB 256 | B 128 | lr 2.5e-04 | EsMC 0.996
  LOW  EbN0  3: tr 4.799e-01 base 4.785e-01 hinge 3.773e-03*15.00 | hardBER tr 1.469e-01 base 1.467e-01
  HIGH EbN0 31: tr 8.271e-02 base 1.624e-01 hinge 0.000e+00*2.00 | hardBER tr 3.306e-04 base 5.519e-04
  MED 7.942e-01*1.0e-02 | total 1.372e+00
[TRAIN] step  4250 | eps 0.04 | PN_sigma 1.00e-03 | Q_SUB 256 | B 128 | lr 2.5e-04 | EsMC nan
  LOW  EbN0  2: tr 5.333e-01 base 5.345e-01 hinge 3.457e-03*15.00 | hardBER tr 1.659e-01 base 1.665e-01
  HIGH EbN0 30: tr 5.200e-02 base 1.729e-01 hinge 0.000e+00*2.00 | hardBER tr 3.459e-04 base 6.002e-04
  MED 7.931e-01*1.0e-02 | total 1.113e+00
[TRAIN] step  4300 | eps 0.04 | PN_sigma 1.00e-03 | Q_SUB 256 | B 128 | lr 2.5e-04 | EsMC 1.003
  LOW  EbN0 13: tr 5.886e-02 base 7.142e-02 hinge 2.250e-03*15.00 | hardBER tr 1.284e-02 base 1.452e-02
  HIGH EbN0 28: tr 4.258e-02 base 7.272e-02 hinge 0.000e+00*2.00 | hardBER tr 5.163e-04 base 7.604e-04
  MED 7.929e-01*1.0e-02 | total 5.264e-01
[TRAIN] step  4350 | eps 0.04 | PN_sigma 1.00e-03 | Q_SUB 256 | B 128 | lr 2.5e-04 | EsMC nan
  LOW  EbN0 21: tr 3.127e-02 base 3.616e-02 hinge 2.285e-04*2.00 | hardBER tr 1.132e-03 base 1.452e-03
  HIGH EbN0 28: tr 3.625e-02 base 7.559e-02 hinge 0.000e+00*2.00 | hardBER tr 3.713e-04 base 5.569e-04
  MED 7.933e-01*1.0e-02 | total 4.021e-01
[TRAIN] step  4400 | eps 0.04 | PN_sigma 1.00e-03 | Q_SUB 256 | B 128 | lr 2.5e-04 | EsMC 1.007
  LOW  EbN0  0: tr 6.066e-01 base 6.061e-01 hinge 3.657e-03*15.00 | hardBER tr 1.922e-01 base 1.918e-01
  HIGH EbN0 30: tr 7.230e-02 base 1.718e-01 hinge 0.000e+00*2.00 | hardBER tr 5.239e-04 base 9.308e-04
  MED 7.926e-01*1.0e-02 | total 1.392e+00
[TRAIN] step  4450 | eps 0.04 | PN_sigma 1.00e-03 | Q_SUB 256 | B 128 | lr 2.5e-04 | EsMC nan
  LOW  EbN0 13: tr 5.962e-02 base 7.443e-02 hinge 2.043e-03*15.00 | hardBER tr 1.197e-02 base 1.342e-02
  HIGH EbN0 35: tr 1.947e-01 base 3.708e-01 hinge 0.000e+00*2.00 | hardBER tr 2.721e-04 base 5.722e-04
  MED 7.939e-01*1.0e-02 | total 2.045e+00
[TRAIN] step  4500 | eps 0.04 | PN_sigma 1.00e-03 | Q_SUB 256 | B 128 | lr 2.5e-04 | EsMC 1.003
  LOW  EbN0  9: tr 1.858e-01 base 1.962e-01 hinge 2.461e-03*15.00 | hardBER tr 4.862e-02 base 5.068e-02
  HIGH EbN0 30: tr 5.434e-02 base 1.507e-01 hinge 0.000e+00*2.00 | hardBER tr 3.586e-04 base 5.620e-04
  MED 7.928e-01*1.0e-02 | total 7.740e-01
[TRAIN] step  4550 | eps 0.04 | PN_sigma 1.00e-03 | Q_SUB 256 | B 128 | lr 2.5e-04 | EsMC nan
  LOW  EbN0  5: tr 3.495e-01 base 3.510e-01 hinge 3.427e-03*15.00 | hardBER tr 1.025e-01 base 1.032e-01
  HIGH EbN0 23: tr 1.215e-02 base 3.804e-02 hinge 0.000e+00*2.00 | hardBER tr 7.299e-04 base 1.053e-03
  MED 7.935e-01*1.0e-02 | total 5.304e-01
[TRAIN] step  4600 | eps 0.04 | PN_sigma 1.00e-03 | Q_SUB 256 | B 128 | lr 2.5e-04 | EsMC 1.004
  LOW  EbN0 14: tr 4.788e-02 base 6.051e-02 hinge 2.244e-03*15.00 | hardBER tr 9.410e-03 base 1.071e-02
  HIGH EbN0 30: tr 5.744e-02 base 9.581e-02 hinge 0.000e+00*2.00 | hardBER tr 3.357e-04 base 5.722e-04
  MED 7.927e-01*1.0e-02 | total 6.638e-01
[TRAIN] step  4650 | eps 0.04 | PN_sigma 1.00e-03 | Q_SUB 256 | B 128 | lr 2.5e-04 | EsMC nan
  LOW  EbN0 21: tr 2.209e-02 base 2.915e-02 hinge 1.674e-04*2.00 | hardBER tr 1.101e-03 base 1.559e-03
  HIGH EbN0 31: tr 1.420e-01 base 1.733e-01 hinge 0.000e+00*2.00 | hardBER tr 6.307e-04 base 9.003e-04
  MED 7.935e-01*1.0e-02 | total 1.450e+00
[TRAIN] step  4700 | eps 0.04 | PN_sigma 1.00e-03 | Q_SUB 256 | B 128 | lr 2.5e-04 | EsMC 0.993
  LOW  EbN0 11: tr 1.014e-01 base 1.105e-01 hinge 2.591e-03*15.00 | hardBER tr 2.319e-02 base 2.458e-02
  HIGH EbN0 23: tr 2.953e-02 base 4.008e-02 hinge 8.931e-05*2.00 | hardBER tr 8.774e-04 base 1.152e-03
  MED 7.945e-01*1.0e-02 | total 4.453e-01
[TRAIN] step  4750 | eps 0.04 | PN_sigma 1.00e-03 | Q_SUB 256 | B 128 | lr 2.5e-04 | EsMC nan
  LOW  EbN0  0: tr 6.396e-01 base 6.385e-01 hinge 3.726e-03*15.00 | hardBER tr 2.056e-01 base 2.052e-01
  HIGH EbN0 30: tr 3.986e-02 base 1.128e-01 hinge 0.000e+00*2.00 | hardBER tr 3.866e-04 base 7.324e-04
  MED 7.935e-01*1.0e-02 | total 1.102e+00
[TRAIN] step  4800 | eps 0.04 | PN_sigma 1.00e-03 | Q_SUB 256 | B 128 | lr 2.5e-04 | EsMC 1.004
  LOW  EbN0 18: tr 2.352e-02 base 3.906e-02 hinge 1.984e-05*2.00 | hardBER tr 2.088e-03 base 2.729e-03
  HIGH EbN0 35: tr 7.142e-02 base 2.499e-01 hinge 0.000e+00*2.00 | hardBER tr 2.467e-04 base 4.908e-04
  MED 7.933e-01*1.0e-02 | total 7.456e-01
[TRAIN] step  4850 | eps 0.04 | PN_sigma 1.00e-03 | Q_SUB 256 | B 128 | lr 2.5e-04 | EsMC nan
  LOW  EbN0 17: tr 2.543e-02 base 3.735e-02 hinge 6.528e-05*2.00 | hardBER tr 3.527e-03 base 4.333e-03
  HIGH EbN0 28: tr 3.003e-02 base 7.217e-02 hinge 0.000e+00*2.00 | hardBER tr 3.993e-04 base 7.553e-04
  MED 7.945e-01*1.0e-02 | total 3.338e-01
[TRAIN] step  4900 | eps 0.04 | PN_sigma 1.00e-03 | Q_SUB 256 | B 128 | lr 2.5e-04 | EsMC 1.006
  LOW  EbN0 11: tr 1.074e-01 base 1.189e-01 hinge 2.355e-03*15.00 | hardBER tr 2.631e-02 base 2.810e-02
  HIGH EbN0 25: tr 1.960e-02 base 3.814e-02 hinge 2.107e-06*2.00 | hardBER tr 3.738e-04 base 6.866e-04
  MED 7.936e-01*1.0e-02 | total 3.467e-01
[TRAIN] step  4950 | eps 0.04 | PN_sigma 1.00e-03 | Q_SUB 256 | B 128 | lr 2.5e-04 | EsMC nan
  LOW  EbN0 13: tr 6.358e-02 base 7.180e-02 hinge 2.681e-03*15.00 | hardBER tr 1.325e-02 base 1.447e-02
  HIGH EbN0 35: tr 2.729e-01 base 5.159e-01 hinge 0.000e+00*2.00 | hardBER tr 3.586e-04 base 7.121e-04
  MED 7.930e-01*1.0e-02 | total 2.840e+00
[TRAIN] step  5000 | eps 0.04 | PN_sigma 1.00e-03 | Q_SUB 256 | B 128 | lr 1.3e-04 | EsMC 0.997
  LOW  EbN0  2: tr 5.437e-01 base 5.435e-01 hinge 3.621e-03*15.00 | hardBER tr 1.700e-01 base 1.700e-01
  HIGH EbN0 34: tr 1.789e-01 base 5.431e-01 hinge 0.000e+00*2.00 | hardBER tr 4.272e-04 base 7.629e-04
  MED 7.937e-01*1.0e-02 | total 2.395e+00
[TRAIN] step  5050 | eps 0.04 | PN_sigma 1.00e-03 | Q_SUB 256 | B 128 | lr 1.3e-04 | EsMC nan
  LOW  EbN0 15: tr 3.398e-02 base 5.294e-02 hinge 1.684e-03*15.00 | hardBER tr 5.974e-03 base 7.133e-03
  HIGH EbN0 24: tr 2.170e-02 base 6.351e-02 hinge 0.000e+00*2.00 | hardBER tr 7.070e-04 base 1.165e-03
  MED 7.936e-01*1.0e-02 | total 2.842e-01
[TRAIN] step  5100 | eps 0.04 | PN_sigma 1.00e-03 | Q_SUB 256 | B 128 | lr 1.3e-04 | EsMC 1.000
  LOW  EbN0 15: tr 3.175e-02 base 5.446e-02 hinge 1.391e-03*15.00 | hardBER tr 6.203e-03 base 7.688e-03
  HIGH EbN0 31: tr 6.714e-02 base 2.152e-01 hinge 0.000e+00*2.00 | hardBER tr 2.314e-04 base 5.468e-04
  MED 7.937e-01*1.0e-02 | total 7.320e-01
[TRAIN] step  5150 | eps 0.04 | PN_sigma 1.00e-03 | Q_SUB 256 | B 128 | lr 1.3e-04 | EsMC nan
  LOW  EbN0 11: tr 1.065e-01 base 1.174e-01 hinge 2.414e-03*15.00 | hardBER tr 2.476e-02 base 2.630e-02
  HIGH EbN0 23: tr 1.652e-02 base 3.917e-02 hinge 0.000e+00*2.00 | hardBER tr 6.587e-04 base 1.094e-03
  MED 7.939e-01*1.0e-02 | total 3.159e-01
[TRAIN] step  5200 | eps 0.04 | PN_sigma 1.00e-03 | Q_SUB 256 | B 128 | lr 1.3e-04 | EsMC 1.005
  LOW  EbN0 21: tr 1.727e-02 base 3.544e-02 hinge 3.326e-06*2.00 | hardBER tr 9.333e-04 base 1.427e-03
  HIGH EbN0 29: tr 7.802e-02 base 1.963e-01 hinge 0.000e+00*2.00 | hardBER tr 5.493e-04 base 1.015e-03
  MED 7.936e-01*1.0e-02 | total 8.054e-01
[TRAIN] step  5250 | eps 0.04 | PN_sigma 1.00e-03 | Q_SUB 256 | B 128 | lr 1.3e-04 | EsMC nan
  LOW  EbN0 21: tr 1.363e-02 base 3.814e-02 hinge 0.000e+00*2.00 | hardBER tr 8.367e-04 base 1.424e-03
  HIGH EbN0 26: tr 2.276e-02 base 5.649e-02 hinge 0.000e+00*2.00 | hardBER tr 3.815e-04 base 6.536e-04
  MED 7.936e-01*1.0e-02 | total 2.492e-01
[TRAIN] step  5300 | eps 0.04 | PN_sigma 1.00e-03 | Q_SUB 256 | B 128 | lr 1.3e-04 | EsMC 1.000
  LOW  EbN0  1: tr 5.662e-01 base 5.650e-01 hinge 3.750e-03*15.00 | hardBER tr 1.779e-01 base 1.767e-01
  HIGH EbN0 23: tr 1.244e-02 base 3.177e-02 hinge 4.461e-07*2.00 | hardBER tr 5.925e-04 base 9.969e-04
  MED 7.938e-01*1.0e-02 | total 7.548e-01
[TRAIN] step  5350 | eps 0.04 | PN_sigma 1.00e-03 | Q_SUB 256 | B 128 | lr 1.3e-04 | EsMC nan
  LOW  EbN0  5: tr 3.476e-01 base 3.506e-01 hinge 3.249e-03*15.00 | hardBER tr 1.013e-01 base 1.024e-01
  HIGH EbN0 33: tr 9.861e-02 base 1.259e-01 hinge 0.000e+00*2.00 | hardBER tr 3.459e-04 base 5.569e-04
  MED 7.935e-01*1.0e-02 | total 1.390e+00
[TRAIN] step  5400 | eps 0.04 | PN_sigma 1.00e-03 | Q_SUB 256 | B 128 | lr 1.3e-04 | EsMC 0.996
  LOW  EbN0 10: tr 1.419e-01 base 1.513e-01 hinge 2.563e-03*15.00 | hardBER tr 3.521e-02 base 3.683e-02
  HIGH EbN0 28: tr 2.664e-02 base 4.448e-02 hinge 0.000e+00*2.00 | hardBER tr 4.120e-04 base 6.612e-04
  MED 7.943e-01*1.0e-02 | total 4.546e-01
[TRAIN] step  5450 | eps 0.04 | PN_sigma 1.00e-03 | Q_SUB 256 | B 128 | lr 1.3e-04 | EsMC nan
  LOW  EbN0 19: tr 1.371e-02 base 2.511e-02 hinge 7.409e-05*2.00 | hardBER tr 1.801e-03 base 2.449e-03
  HIGH EbN0 33: tr 1.288e-01 base 3.199e-01 hinge 0.000e+00*2.00 | hardBER tr 5.264e-04 base 8.545e-04
  MED 7.938e-01*1.0e-02 | total 1.310e+00
[TRAIN] step  5500 | eps 0.04 | PN_sigma 1.00e-03 | Q_SUB 256 | B 128 | lr 1.3e-04 | EsMC 1.003
  LOW  EbN0 13: tr 6.416e-02 base 7.918e-02 hinge 2.023e-03*15.00 | hardBER tr 1.391e-02 base 1.502e-02
  HIGH EbN0 32: tr 6.865e-02 base 1.823e-01 hinge 0.000e+00*2.00 | hardBER tr 3.255e-04 base 6.053e-04
  MED 7.934e-01*1.0e-02 | total 7.889e-01
[TRAIN] step  5550 | eps 0.04 | PN_sigma 1.00e-03 | Q_SUB 256 | B 128 | lr 1.3e-04 | EsMC nan
  LOW  EbN0  1: tr 5.618e-01 base 5.606e-01 hinge 3.745e-03*15.00 | hardBER tr 1.752e-01 base 1.754e-01
  HIGH EbN0 30: tr 3.783e-02 base 1.012e-01 hinge 0.000e+00*2.00 | hardBER tr 3.637e-04 base 6.104e-04
  MED 7.938e-01*1.0e-02 | total 1.004e+00
[TRAIN] step  5600 | eps 0.04 | PN_sigma 1.00e-03 | Q_SUB 256 | B 128 | lr 1.3e-04 | EsMC 0.997
  LOW  EbN0  9: tr 1.571e-01 base 1.652e-01 hinge 2.693e-03*15.00 | hardBER tr 3.969e-02 base 4.056e-02
  HIGH EbN0 25: tr 2.043e-02 base 5.963e-02 hinge 0.000e+00*2.00 | hardBER tr 4.781e-04 base 8.952e-04
  MED 7.941e-01*1.0e-02 | total 4.098e-01
[TRAIN] step  5650 | eps 0.04 | PN_sigma 1.00e-03 | Q_SUB 256 | B 128 | lr 1.3e-04 | EsMC nan
  LOW  EbN0 12: tr 7.907e-02 base 9.124e-02 hinge 2.288e-03*15.00 | hardBER tr 1.695e-02 base 1.845e-02
  HIGH EbN0 22: tr 1.112e-02 base 2.853e-02 hinge 6.726e-06*2.00 | hardBER tr 8.138e-04 base 1.320e-03
  MED 7.936e-01*1.0e-02 | total 2.327e-01
[TRAIN] step  5700 | eps 0.04 | PN_sigma 1.00e-03 | Q_SUB 256 | B 128 | lr 1.3e-04 | EsMC 1.004
  LOW  EbN0 12: tr 8.465e-02 base 9.748e-02 hinge 2.225e-03*15.00 | hardBER tr 1.800e-02 base 1.999e-02
  HIGH EbN0 22: tr 1.478e-02 base 3.016e-02 hinge 2.135e-05*2.00 | hardBER tr 7.909e-04 base 1.165e-03
  MED 7.934e-01*1.0e-02 | total 2.742e-01
[TRAIN] step  5750 | eps 0.04 | PN_sigma 1.00e-03 | Q_SUB 256 | B 128 | lr 1.3e-04 | EsMC nan
  LOW  EbN0 20: tr 1.551e-02 base 4.303e-02 hinge 0.000e+00*2.00 | hardBER tr 1.531e-03 base 2.073e-03
  HIGH EbN0 24: tr 3.416e-02 base 5.091e-02 hinge 1.057e-05*2.00 | hardBER tr 6.434e-04 base 1.076e-03
  MED 7.940e-01*1.0e-02 | total 3.653e-01
[TRAIN] step  5800 | eps 0.04 | PN_sigma 1.00e-03 | Q_SUB 256 | B 128 | lr 1.3e-04 | EsMC 0.998
  LOW  EbN0 15: tr 3.329e-02 base 4.755e-02 hinge 2.092e-03*15.00 | hardBER tr 6.088e-03 base 7.159e-03
  HIGH EbN0 25: tr 2.676e-02 base 6.592e-02 hinge 0.000e+00*2.00 | hardBER tr 6.180e-04 base 1.127e-03
  MED 7.940e-01*1.0e-02 | total 3.402e-01
[TRAIN] step  5850 | eps 0.04 | PN_sigma 1.00e-03 | Q_SUB 256 | B 128 | lr 1.3e-04 | EsMC nan
  LOW  EbN0  9: tr 1.730e-01 base 1.794e-01 hinge 2.879e-03*15.00 | hardBER tr 4.528e-02 base 4.668e-02
  HIGH EbN0 28: tr 8.291e-02 base 1.532e-01 hinge 0.000e+00*2.00 | hardBER tr 6.434e-04 base 9.969e-04
  MED 7.939e-01*1.0e-02 | total 1.053e+00
[TRAIN] step  5900 | eps 0.04 | PN_sigma 1.00e-03 | Q_SUB 256 | B 128 | lr 1.3e-04 | EsMC 0.996
  LOW  EbN0 15: tr 4.559e-02 base 5.253e-02 hinge 2.815e-03*15.00 | hardBER tr 7.696e-03 base 8.382e-03
  HIGH EbN0 31: tr 7.662e-02 base 1.966e-01 hinge 0.000e+00*2.00 | hardBER tr 3.713e-04 base 7.273e-04
  MED 7.946e-01*1.0e-02 | total 8.620e-01
[TRAIN] step  5950 | eps 0.04 | PN_sigma 1.00e-03 | Q_SUB 256 | B 128 | lr 1.3e-04 | EsMC nan
  LOW  EbN0  5: tr 3.555e-01 base 3.594e-01 hinge 3.154e-03*15.00 | hardBER tr 1.043e-01 base 1.052e-01
  HIGH EbN0 26: tr 3.814e-02 base 6.169e-02 hinge 0.000e+00*2.00 | hardBER tr 5.264e-04 base 8.519e-04
  MED 7.933e-01*1.0e-02 | total 7.922e-01
[INFO] Saved codebook_e2e.pt/.npy and cb1_kmv.pt/.npy.
[INFO] Training finished.
[INFO] control training complete in 2215.0 s
[RUN] finished=2026-08-12T17:22:10.954095+08:00
