[RUN] started=2026-08-12T14:22:05.648645+08:00
[RUN] command_script=train_ofdm_scma_randomized.py
[RUN] log_file=artifacts/m1_randomized_training/train_randomized.log
[INFO] M1 randomized-training ablation
[INFO] Original fixed-point training code/checkpoint will not be modified.
[INFO] Output directory: artifacts/m1_randomized_training
[INFO] CFO epsilon ~ U(0.0, 0.06); PN sigma_step ~ U(0.0, 0.003) rad/sample
[INFO] Every other training setting is inherited from train_ofdm_scma.py.
[TRAIN-RAND] step     0/ 5999 | LOW eps=0.0014 pn=1.783e-03 EbN0= 5 loss=2.897e-01 BER=8.338e-02 (base=8.365e-02)
             HIGH eps=0.0442 pn=1.542e-03 EbN0=22 loss=1.315e-01 BER=2.955e-03 (base=2.958e-03) | total=1.673e+00 lr=5.0e-04 EsMC=1.000 elapsed=0.7s
[TRAIN-RAND] step    50/ 5999 | LOW eps=0.0292 pn=1.853e-03 EbN0=15 loss=2.897e-02 BER=5.165e-03 (base=5.356e-03)
             HIGH eps=0.0290 pn=1.414e-04 EbN0=30 loss=2.000e-03 BER=1.526e-05 (base=2.289e-05) | total=1.088e-01 lr=5.0e-04 EsMC=nan elapsed=21.3s
[TRAIN-RAND] step   100/ 5999 | LOW eps=0.0517 pn=2.514e-03 EbN0= 1 loss=6.095e-01 BER=1.943e-01 (base=1.946e-01)
             HIGH eps=0.0537 pn=1.850e-03 EbN0=31 loss=4.030e+00 BER=9.300e-03 (base=9.674e-03) | total=4.097e+01 lr=5.0e-04 EsMC=0.997 elapsed=41.0s
[TRAIN-RAND] step   150/ 5999 | LOW eps=0.0280 pn=2.528e-03 EbN0= 1 loss=5.753e-01 BER=1.803e-01 (base=1.805e-01)
             HIGH eps=0.0045 pn=2.267e-03 EbN0=23 loss=5.001e-04 BER=1.017e-04 (base=9.155e-05) | total=6.471e-01 lr=5.0e-04 EsMC=nan elapsed=60.2s
[TRAIN-RAND] step   200/ 5999 | LOW eps=0.0456 pn=8.297e-04 EbN0= 3 loss=4.778e-01 BER=1.471e-01 (base=1.472e-01)
             HIGH eps=0.0284 pn=1.486e-03 EbN0=32 loss=6.806e-03 BER=5.086e-05 (base=4.323e-05) | total=6.062e-01 lr=5.0e-04 EsMC=1.003 elapsed=80.5s
[TRAIN-RAND] step   250/ 5999 | LOW eps=0.0413 pn=2.493e-03 EbN0=19 loss=1.186e-01 BER=5.234e-03 (base=5.666e-03)
             HIGH eps=0.0555 pn=2.560e-03 EbN0=24 loss=1.073e+00 BER=1.410e-02 (base=1.419e-02) | total=1.086e+01 lr=5.0e-04 EsMC=nan elapsed=102.1s
[TRAIN-RAND] step   300/ 5999 | LOW eps=0.0233 pn=2.416e-03 EbN0= 5 loss=3.318e-01 BER=9.656e-02 (base=9.747e-02)
             HIGH eps=0.0149 pn=2.057e-03 EbN0=31 loss=1.339e-02 BER=8.647e-05 (base=7.629e-05) | total=5.288e-01 lr=5.0e-04 EsMC=0.997 elapsed=122.6s
[TRAIN-RAND] step   350/ 5999 | LOW eps=0.0250 pn=2.729e-03 EbN0=13 loss=4.847e-02 BER=9.341e-03 (base=1.012e-02)
             HIGH eps=0.0365 pn=1.314e-03 EbN0=32 loss=1.886e-01 BER=4.628e-04 (base=5.315e-04) | total=1.981e+00 lr=5.0e-04 EsMC=nan elapsed=142.9s
[TRAIN-RAND] step   400/ 5999 | LOW eps=0.0202 pn=1.594e-03 EbN0= 4 loss=3.684e-01 BER=1.091e-01 (base=1.106e-01)
             HIGH eps=0.0326 pn=1.465e-03 EbN0=22 loss=1.568e-02 BER=5.773e-04 (base=6.739e-04) | total=5.841e-01 lr=5.0e-04 EsMC=1.002 elapsed=163.8s
[TRAIN-RAND] step   450/ 5999 | LOW eps=0.0141 pn=2.423e-03 EbN0= 5 loss=3.326e-01 BER=9.789e-02 (base=9.936e-02)
             HIGH eps=0.0241 pn=1.829e-04 EbN0=23 loss=5.625e-04 BER=1.017e-04 (base=1.450e-04) | total=3.975e-01 lr=5.0e-04 EsMC=nan elapsed=184.1s
[TRAIN-RAND] step   500/ 5999 | LOW eps=0.0493 pn=9.604e-04 EbN0=15 loss=9.388e-02 BER=1.361e-02 (base=1.407e-02)
             HIGH eps=0.0195 pn=1.015e-03 EbN0=25 loss=5.460e-05 BER=1.017e-05 (base=2.797e-05) | total=1.342e-01 lr=5.0e-04 EsMC=1.000 elapsed=203.7s
[TRAIN-RAND] step   550/ 5999 | LOW eps=0.0341 pn=2.398e-03 EbN0= 9 loss=1.638e-01 BER=4.375e-02 (base=4.456e-02)
             HIGH eps=0.0075 pn=1.617e-03 EbN0=31 loss=6.051e-06 BER=2.543e-06 (base=2.289e-05) | total=2.134e-01 lr=5.0e-04 EsMC=nan elapsed=223.9s
[TRAIN-RAND] step   600/ 5999 | LOW eps=0.0563 pn=2.697e-04 EbN0=14 loss=1.714e-01 BER=2.499e-02 (base=2.581e-02)
             HIGH eps=0.0540 pn=2.431e-03 EbN0=29 loss=3.082e+00 BER=1.131e-02 (base=1.166e-02) | total=3.102e+01 lr=5.0e-04 EsMC=0.998 elapsed=244.3s
[TRAIN-RAND] step   650/ 5999 | LOW eps=0.0526 pn=5.506e-04 EbN0=12 loss=1.545e-01 BER=3.228e-02 (base=3.307e-02)
             HIGH eps=0.0342 pn=1.694e-03 EbN0=28 loss=3.076e-02 BER=4.247e-04 (base=4.552e-04) | total=5.001e-01 lr=5.0e-04 EsMC=nan elapsed=262.8s
[TRAIN-RAND] step   700/ 5999 | LOW eps=0.0095 pn=2.445e-03 EbN0= 7 loss=1.936e-01 BER=5.427e-02 (base=5.558e-02)
             HIGH eps=0.0489 pn=2.667e-03 EbN0=33 loss=5.865e+00 BER=9.303e-03 (base=9.486e-03) | total=5.889e+01 lr=5.0e-04 EsMC=1.003 elapsed=281.5s
[TRAIN-RAND] step   750/ 5999 | LOW eps=0.0126 pn=3.090e-04 EbN0= 5 loss=2.971e-01 BER=8.598e-02 (base=8.710e-02)
             HIGH eps=0.0060 pn=1.826e-03 EbN0=24 loss=1.627e-04 BER=5.086e-05 (base=4.578e-05) | total=3.591e-01 lr=5.0e-04 EsMC=nan elapsed=300.5s
[TRAIN-RAND] step   800/ 5999 | LOW eps=0.0370 pn=9.897e-04 EbN0= 9 loss=1.591e-01 BER=4.212e-02 (base=4.403e-02)
             HIGH eps=0.0483 pn=2.568e-03 EbN0=35 loss=8.607e+00 BER=7.935e-03 (base=8.069e-03) | total=8.628e+01 lr=5.0e-04 EsMC=1.002 elapsed=320.3s
[TRAIN-RAND] step   850/ 5999 | LOW eps=0.0013 pn=2.568e-03 EbN0= 7 loss=1.939e-01 BER=5.393e-02 (base=5.544e-02)
             HIGH eps=0.0283 pn=1.686e-03 EbN0=33 loss=1.052e-02 BER=5.341e-05 (base=1.577e-04) | total=3.497e-01 lr=5.0e-04 EsMC=nan elapsed=343.6s
[TRAIN-RAND] step   900/ 5999 | LOW eps=0.0020 pn=1.641e-03 EbN0= 6 loss=2.287e-01 BER=6.462e-02 (base=6.619e-02)
             HIGH eps=0.0383 pn=1.535e-03 EbN0=31 loss=1.132e-01 BER=6.053e-04 (base=7.731e-04) | total=1.409e+00 lr=5.0e-04 EsMC=1.008 elapsed=364.4s
[TRAIN-RAND] step   950/ 5999 | LOW eps=0.0418 pn=5.117e-04 EbN0=18 loss=1.744e-02 BER=2.444e-03 (base=2.787e-03)
             HIGH eps=0.0585 pn=3.089e-04 EbN0=31 loss=2.421e+00 BER=8.436e-03 (base=9.346e-03) | total=2.424e+01 lr=5.0e-04 EsMC=nan elapsed=385.3s
[TRAIN-RAND] step  1000/ 5999 | LOW eps=0.0576 pn=4.272e-04 EbN0= 2 loss=5.467e-01 BER=1.719e-01 (base=1.728e-01)
             HIGH eps=0.0400 pn=2.555e-03 EbN0=27 loss=3.716e-01 BER=2.739e-03 (base=3.281e-03) | total=4.320e+00 lr=5.0e-04 EsMC=0.999 elapsed=406.0s
[TRAIN-RAND] step  1050/ 5999 | LOW eps=0.0228 pn=8.663e-05 EbN0=13 loss=2.732e-02 BER=6.419e-03 (base=7.352e-03)
             HIGH eps=0.0241 pn=1.153e-03 EbN0=25 loss=3.393e-04 BER=3.815e-05 (base=1.678e-04) | total=8.175e-02 lr=5.0e-04 EsMC=nan elapsed=426.2s
[TRAIN-RAND] step  1100/ 5999 | LOW eps=0.0003 pn=6.974e-04 EbN0=12 loss=2.846e-02 BER=7.131e-03 (base=8.143e-03)
             HIGH eps=0.0077 pn=2.574e-03 EbN0=31 loss=1.446e-05 BER=5.086e-06 (base=2.035e-05) | total=7.955e-02 lr=5.0e-04 EsMC=0.996 elapsed=447.0s
[TRAIN-RAND] step  1150/ 5999 | LOW eps=0.0295 pn=2.700e-03 EbN0=15 loss=3.771e-02 BER=6.205e-03 (base=7.250e-03)
             HIGH eps=0.0040 pn=1.631e-03 EbN0=26 loss=2.785e-05 BER=1.017e-05 (base=1.526e-05) | total=9.411e-02 lr=5.0e-04 EsMC=nan elapsed=469.4s
[TRAIN-RAND] step  1200/ 5999 | LOW eps=0.0037 pn=3.259e-04 EbN0=12 loss=3.640e-02 BER=8.761e-03 (base=9.832e-03)
             HIGH eps=0.0160 pn=2.986e-03 EbN0=29 loss=1.544e-02 BER=8.647e-05 (base=1.068e-04) | total=2.490e-01 lr=5.0e-04 EsMC=0.998 elapsed=493.1s
[TRAIN-RAND] step  1250/ 5999 | LOW eps=0.0363 pn=2.754e-03 EbN0=14 loss=6.946e-02 BER=1.151e-02 (base=1.306e-02)
             HIGH eps=0.0351 pn=1.803e-03 EbN0=27 loss=5.243e-02 BER=5.341e-04 (base=7.375e-04) | total=6.321e-01 lr=5.0e-04 EsMC=nan elapsed=514.6s
[TRAIN-RAND] step  1300/ 5999 | LOW eps=0.0169 pn=1.549e-04 EbN0= 5 loss=3.197e-01 BER=9.264e-02 (base=9.399e-02)
             HIGH eps=0.0118 pn=2.472e-03 EbN0=24 loss=1.799e-04 BER=3.306e-05 (base=3.815e-05) | total=3.818e-01 lr=5.0e-04 EsMC=1.001 elapsed=535.2s
[TRAIN-RAND] step  1350/ 5999 | LOW eps=0.0564 pn=2.323e-03 EbN0= 8 loss=3.228e-01 BER=8.423e-02 (base=8.665e-02)
             HIGH eps=0.0180 pn=2.680e-03 EbN0=31 loss=6.326e-03 BER=5.849e-05 (base=8.138e-05) | total=4.254e-01 lr=5.0e-04 EsMC=nan elapsed=556.2s
[TRAIN-RAND] step  1400/ 5999 | LOW eps=0.0533 pn=2.395e-03 EbN0=12 loss=2.394e-01 BER=3.953e-02 (base=4.129e-02)
             HIGH eps=0.0480 pn=1.821e-03 EbN0=35 loss=3.376e+00 BER=4.102e-03 (base=4.636e-03) | total=3.404e+01 lr=5.0e-04 EsMC=0.995 elapsed=577.2s
[TRAIN-RAND] step  1450/ 5999 | LOW eps=0.0538 pn=3.611e-04 EbN0= 6 loss=3.596e-01 BER=1.033e-01 (base=1.051e-01)
             HIGH eps=0.0531 pn=2.978e-03 EbN0=29 loss=4.225e+00 BER=1.259e-02 (base=1.404e-02) | total=4.266e+01 lr=5.0e-04 EsMC=nan elapsed=596.6s
[TRAIN-RAND] step  1500/ 5999 | LOW eps=0.0451 pn=1.496e-03 EbN0= 1 loss=5.928e-01 BER=1.881e-01 (base=1.884e-01)
             HIGH eps=0.0501 pn=2.714e-03 EbN0=29 loss=2.308e+00 BER=1.187e-02 (base=1.313e-02) | total=2.373e+01 lr=5.0e-04 EsMC=1.001 elapsed=616.9s
[TRAIN-RAND] step  1550/ 5999 | LOW eps=0.0096 pn=2.246e-03 EbN0=10 loss=8.884e-02 BER=2.292e-02 (base=2.461e-02)
             HIGH eps=0.0106 pn=2.006e-03 EbN0=32 loss=1.111e-06 BER=0.000e+00 (base=0.000e+00) | total=1.433e-01 lr=5.0e-04 EsMC=nan elapsed=637.5s
[TRAIN-RAND] step  1600/ 5999 | LOW eps=0.0549 pn=6.141e-04 EbN0=20 loss=1.806e-01 BER=8.464e-03 (base=9.626e-03)
             HIGH eps=0.0037 pn=1.417e-03 EbN0=22 loss=2.892e-04 BER=7.629e-05 (base=7.629e-05) | total=1.992e-01 lr=5.0e-04 EsMC=1.002 elapsed=655.3s
[TRAIN-RAND] step  1650/ 5999 | LOW eps=0.0317 pn=1.681e-03 EbN0=12 loss=5.181e-02 BER=1.127e-02 (base=1.249e-02)
             HIGH eps=0.0468 pn=1.740e-04 EbN0=28 loss=1.186e-01 BER=1.239e-03 (base=1.747e-03) | total=1.281e+00 lr=5.0e-04 EsMC=nan elapsed=673.1s
[TRAIN-RAND] step  1700/ 5999 | LOW eps=0.0310 pn=9.072e-04 EbN0= 3 loss=4.404e-01 BER=1.332e-01 (base=1.339e-01)
             HIGH eps=0.0193 pn=1.451e-03 EbN0=24 loss=2.893e-04 BER=6.612e-05 (base=1.373e-04) | total=5.066e-01 lr=5.0e-04 EsMC=0.997 elapsed=694.5s
[TRAIN-RAND] step  1750/ 5999 | LOW eps=0.0495 pn=2.962e-04 EbN0= 2 loss=5.425e-01 BER=1.694e-01 (base=1.701e-01)
             HIGH eps=0.0537 pn=8.548e-04 EbN0=33 loss=2.061e+00 BER=4.631e-03 (base=5.775e-03) | total=2.121e+01 lr=5.0e-04 EsMC=nan elapsed=716.6s
[TRAIN-RAND] step  1800/ 5999 | LOW eps=0.0195 pn=1.128e-03 EbN0= 3 loss=4.342e-01 BER=1.308e-01 (base=1.318e-01)
             HIGH eps=0.0439 pn=1.043e-03 EbN0=34 loss=5.760e-01 BER=9.715e-04 (base=1.437e-03) | total=6.250e+00 lr=5.0e-04 EsMC=1.001 elapsed=737.8s
[TRAIN-RAND] step  1850/ 5999 | LOW eps=0.0466 pn=2.168e-03 EbN0= 1 loss=5.845e-01 BER=1.854e-01 (base=1.863e-01)
             HIGH eps=0.0221 pn=1.100e-03 EbN0=23 loss=2.707e-04 BER=8.901e-05 (base=1.526e-04) | total=6.527e-01 lr=5.0e-04 EsMC=nan elapsed=757.2s
[TRAIN-RAND] step  1900/ 5999 | LOW eps=0.0025 pn=1.674e-03 EbN0=15 loss=9.897e-03 BER=2.268e-03 (base=2.965e-03)
             HIGH eps=0.0182 pn=8.177e-05 EbN0=28 loss=2.767e-05 BER=7.629e-06 (base=3.815e-05) | total=6.577e-02 lr=5.0e-04 EsMC=1.000 elapsed=777.0s
[TRAIN-RAND] step  1950/ 5999 | LOW eps=0.0200 pn=2.076e-04 EbN0=18 loss=2.949e-03 BER=6.663e-04 (base=8.519e-04)
             HIGH eps=0.0151 pn=8.167e-04 EbN0=30 loss=9.507e-06 BER=2.543e-06 (base=2.543e-06) | total=1.617e-02 lr=5.0e-04 EsMC=nan elapsed=797.9s
[TRAIN-RAND] step  2000/ 5999 | LOW eps=0.0169 pn=2.808e-03 EbN0= 6 loss=2.666e-01 BER=7.635e-02 (base=7.767e-02)
             HIGH eps=0.0293 pn=1.337e-03 EbN0=33 loss=2.811e-03 BER=2.035e-05 (base=6.612e-05) | total=3.448e-01 lr=5.0e-04 EsMC=1.009 elapsed=819.5s
[TRAIN-RAND] step  2050/ 5999 | LOW eps=0.0235 pn=2.301e-03 EbN0= 2 loss=5.071e-01 BER=1.562e-01 (base=1.568e-01)
             HIGH eps=0.0477 pn=7.282e-04 EbN0=35 loss=7.025e-01 BER=1.472e-03 (base=1.979e-03) | total=7.591e+00 lr=5.0e-04 EsMC=nan elapsed=839.9s
[TRAIN-RAND] step  2100/ 5999 | LOW eps=0.0514 pn=1.482e-03 EbN0= 4 loss=4.485e-01 BER=1.364e-01 (base=1.373e-01)
             HIGH eps=0.0318 pn=5.567e-04 EbN0=23 loss=1.068e-03 BER=1.958e-04 (base=3.611e-04) | total=5.172e-01 lr=5.0e-04 EsMC=1.000 elapsed=860.7s
[TRAIN-RAND] step  2150/ 5999 | LOW eps=0.0113 pn=5.161e-04 EbN0= 9 loss=1.399e-01 BER=3.818e-02 (base=3.910e-02)
             HIGH eps=0.0057 pn=1.861e-03 EbN0=33 loss=6.365e-08 BER=0.000e+00 (base=0.000e+00) | total=1.964e-01 lr=5.0e-04 EsMC=nan elapsed=880.4s
[TRAIN-RAND] step  2200/ 5999 | LOW eps=0.0359 pn=1.501e-03 EbN0= 5 loss=3.272e-01 BER=9.599e-02 (base=9.677e-02)
             HIGH eps=0.0183 pn=1.062e-03 EbN0=34 loss=6.855e-06 BER=2.543e-06 (base=0.000e+00) | total=3.864e-01 lr=5.0e-04 EsMC=1.000 elapsed=900.3s
[TRAIN-RAND] step  2250/ 5999 | LOW eps=0.0275 pn=1.688e-04 EbN0=20 loss=3.606e-03 BER=4.552e-04 (base=5.519e-04)
             HIGH eps=0.0053 pn=1.728e-03 EbN0=34 loss=7.435e-09 BER=0.000e+00 (base=0.000e+00) | total=1.680e-02 lr=5.0e-04 EsMC=nan elapsed=922.2s
[TRAIN-RAND] step  2300/ 5999 | LOW eps=0.0334 pn=2.175e-04 EbN0= 6 loss=2.891e-01 BER=8.321e-02 (base=8.470e-02)
             HIGH eps=0.0068 pn=2.118e-03 EbN0=25 loss=1.243e-04 BER=2.543e-05 (base=3.815e-05) | total=3.492e-01 lr=5.0e-04 EsMC=1.002 elapsed=944.8s
[TRAIN-RAND] step  2350/ 5999 | LOW eps=0.0044 pn=1.876e-03 EbN0= 9 loss=1.135e-01 BER=2.954e-02 (base=3.083e-02)
             HIGH eps=0.0566 pn=1.026e-03 EbN0=34 loss=4.869e+00 BER=7.179e-03 (base=8.929e-03) | total=4.885e+01 lr=5.0e-04 EsMC=nan elapsed=973.3s
[TRAIN-RAND] step  2400/ 5999 | LOW eps=0.0001 pn=2.209e-03 EbN0= 5 loss=3.161e-01 BER=9.177e-02 (base=9.147e-02)
             HIGH eps=0.0438 pn=2.964e-03 EbN0=31 loss=1.592e+00 BER=4.702e-03 (base=5.603e-03) | total=1.629e+01 lr=5.0e-04 EsMC=0.997 elapsed=999.8s
[TRAIN-RAND] step  2450/ 5999 | LOW eps=0.0146 pn=2.593e-03 EbN0=13 loss=2.739e-02 BER=5.440e-03 (base=6.134e-03)
             HIGH eps=0.0342 pn=7.048e-04 EbN0=23 loss=6.222e-03 BER=2.391e-04 (base=2.518e-04) | total=1.537e-01 lr=5.0e-04 EsMC=nan elapsed=1023.8s
[TRAIN-RAND] step  2500/ 5999 | LOW eps=0.0586 pn=1.379e-03 EbN0= 1 loss=6.028e-01 BER=1.918e-01 (base=1.912e-01)
             HIGH eps=0.0576 pn=3.276e-04 EbN0=27 loss=8.032e-01 BER=6.261e-03 (base=8.593e-03) | total=8.698e+00 lr=2.5e-04 EsMC=1.000 elapsed=1046.6s
[TRAIN-RAND] step  2550/ 5999 | LOW eps=0.0049 pn=1.565e-03 EbN0=10 loss=6.742e-02 BER=1.707e-02 (base=1.822e-02)
             HIGH eps=0.0424 pn=1.942e-03 EbN0=29 loss=5.011e-01 BER=2.391e-03 (base=3.273e-03) | total=5.127e+00 lr=2.5e-04 EsMC=nan elapsed=1069.9s
[TRAIN-RAND] step  2600/ 5999 | LOW eps=0.0298 pn=2.530e-03 EbN0=17 loss=2.807e-02 BER=2.861e-03 (base=3.380e-03)
             HIGH eps=0.0054 pn=2.896e-03 EbN0=31 loss=4.173e-04 BER=7.629e-06 (base=7.629e-06) | total=4.535e-02 lr=2.5e-04 EsMC=0.996 elapsed=1090.1s
[TRAIN-RAND] step  2650/ 5999 | LOW eps=0.0481 pn=1.442e-03 EbN0= 0 loss=6.355e-01 BER=2.031e-01 (base=2.028e-01)
             HIGH eps=0.0019 pn=1.460e-03 EbN0=33 loss=2.583e-06 BER=0.000e+00 (base=0.000e+00) | total=7.042e-01 lr=2.5e-04 EsMC=nan elapsed=1109.0s
[TRAIN-RAND] step  2700/ 5999 | LOW eps=0.0116 pn=2.110e-03 EbN0= 1 loss=5.570e-01 BER=1.736e-01 (base=1.734e-01)
             HIGH eps=0.0500 pn=2.081e-03 EbN0=29 loss=1.413e+00 BER=5.819e-03 (base=7.057e-03) | total=1.475e+01 lr=2.5e-04 EsMC=1.000 elapsed=1127.6s
[TRAIN-RAND] step  2750/ 5999 | LOW eps=0.0504 pn=6.543e-04 EbN0= 3 loss=5.158e-01 BER=1.600e-01 (base=1.613e-01)
             HIGH eps=0.0299 pn=5.140e-04 EbN0=35 loss=1.274e-08 BER=0.000e+00 (base=2.543e-05) | total=5.721e-01 lr=2.5e-04 EsMC=nan elapsed=1146.5s
[TRAIN-RAND] step  2800/ 5999 | LOW eps=0.0384 pn=1.644e-03 EbN0= 5 loss=3.560e-01 BER=1.046e-01 (base=1.057e-01)
             HIGH eps=0.0309 pn=2.593e-03 EbN0=22 loss=5.726e-02 BER=1.348e-03 (base=1.592e-03) | total=9.862e-01 lr=2.5e-04 EsMC=0.999 elapsed=1166.2s
[TRAIN-RAND] step  2850/ 5999 | LOW eps=0.0045 pn=2.451e-03 EbN0= 6 loss=2.448e-01 BER=6.884e-02 (base=6.979e-02)
             HIGH eps=0.0458 pn=8.001e-04 EbN0=28 loss=1.730e-01 BER=1.592e-03 (base=2.047e-03) | total=2.028e+00 lr=2.5e-04 EsMC=nan elapsed=1185.4s
[TRAIN-RAND] step  2900/ 5999 | LOW eps=0.0273 pn=9.440e-04 EbN0= 4 loss=3.933e-01 BER=1.178e-01 (base=1.186e-01)
             HIGH eps=0.0204 pn=5.878e-04 EbN0=32 loss=9.356e-10 BER=0.000e+00 (base=0.000e+00) | total=4.533e-01 lr=2.5e-04 EsMC=1.005 elapsed=1205.8s
[TRAIN-RAND] step  2950/ 5999 | LOW eps=0.0199 pn=2.716e-03 EbN0= 7 loss=2.174e-01 BER=6.070e-02 (base=6.267e-02)
             HIGH eps=0.0077 pn=1.454e-03 EbN0=23 loss=1.509e-04 BER=3.560e-05 (base=3.815e-05) | total=2.773e-01 lr=2.5e-04 EsMC=nan elapsed=1225.3s
[TRAIN-RAND] step  3000/ 5999 | LOW eps=0.0086 pn=2.979e-03 EbN0= 9 loss=1.163e-01 BER=3.093e-02 (base=3.222e-02)
             HIGH eps=0.0405 pn=1.224e-03 EbN0=27 loss=3.947e-02 BER=6.154e-04 (base=7.858e-04) | total=5.613e-01 lr=2.5e-04 EsMC=1.002 elapsed=1243.9s
[TRAIN-RAND] step  3050/ 5999 | LOW eps=0.0228 pn=2.782e-03 EbN0=14 loss=2.757e-02 BER=5.417e-03 (base=6.312e-03)
             HIGH eps=0.0434 pn=1.410e-03 EbN0=25 loss=1.752e-01 BER=1.884e-03 (base=2.436e-03) | total=1.830e+00 lr=2.5e-04 EsMC=nan elapsed=1262.3s
[TRAIN-RAND] step  3100/ 5999 | LOW eps=0.0113 pn=1.611e-03 EbN0= 6 loss=2.656e-01 BER=7.559e-02 (base=7.684e-02)
             HIGH eps=0.0207 pn=4.338e-04 EbN0=29 loss=4.420e-06 BER=0.000e+00 (base=1.526e-05) | total=3.209e-01 lr=2.5e-04 EsMC=0.998 elapsed=1280.8s
[TRAIN-RAND] step  3150/ 5999 | LOW eps=0.0154 pn=1.136e-03 EbN0=13 loss=2.359e-02 BER=5.826e-03 (base=6.386e-03)
             HIGH eps=0.0487 pn=1.342e-05 EbN0=31 loss=3.077e-01 BER=1.559e-03 (base=2.134e-03) | total=3.153e+00 lr=2.5e-04 EsMC=nan elapsed=1299.6s
[TRAIN-RAND] step  3200/ 5999 | LOW eps=0.0119 pn=1.660e-03 EbN0= 4 loss=3.769e-01 BER=1.120e-01 (base=1.126e-01)
             HIGH eps=0.0336 pn=2.113e-03 EbN0=24 loss=4.392e-02 BER=7.350e-04 (base=9.740e-04) | total=8.749e-01 lr=2.5e-04 EsMC=1.004 elapsed=1318.2s
[TRAIN-RAND] step  3250/ 5999 | LOW eps=0.0173 pn=6.423e-04 EbN0=12 loss=4.132e-02 BER=1.038e-02 (base=1.097e-02)
             HIGH eps=0.0045 pn=1.398e-03 EbN0=33 loss=4.053e-08 BER=0.000e+00 (base=0.000e+00) | total=9.471e-02 lr=2.5e-04 EsMC=nan elapsed=1336.3s
[TRAIN-RAND] step  3300/ 5999 | LOW eps=0.0183 pn=1.097e-03 EbN0= 8 loss=1.244e-01 BER=3.271e-02 (base=3.382e-02)
             HIGH eps=0.0013 pn=1.856e-03 EbN0=25 loss=6.455e-05 BER=1.526e-05 (base=3.052e-05) | total=1.856e-01 lr=2.5e-04 EsMC=1.003 elapsed=1354.4s
[TRAIN-RAND] step  3350/ 5999 | LOW eps=0.0482 pn=1.615e-03 EbN0= 3 loss=4.827e-01 BER=1.482e-01 (base=1.487e-01)
             HIGH eps=0.0350 pn=5.179e-04 EbN0=33 loss=1.651e-03 BER=1.272e-05 (base=6.866e-05) | total=5.594e-01 lr=2.5e-04 EsMC=nan elapsed=1372.6s
[TRAIN-RAND] step  3400/ 5999 | LOW eps=0.0402 pn=1.535e-04 EbN0= 9 loss=1.504e-01 BER=3.927e-02 (base=4.109e-02)
             HIGH eps=0.0149 pn=2.115e-03 EbN0=35 loss=5.552e-04 BER=7.629e-06 (base=2.543e-05) | total=2.037e-01 lr=2.5e-04 EsMC=0.998 elapsed=1391.0s
[TRAIN-RAND] step  3450/ 5999 | LOW eps=0.0032 pn=2.188e-03 EbN0= 9 loss=1.088e-01 BER=2.814e-02 (base=2.971e-02)
             HIGH eps=0.0230 pn=1.459e-03 EbN0=22 loss=1.249e-03 BER=9.664e-05 (base=2.085e-04) | total=1.743e-01 lr=2.5e-04 EsMC=nan elapsed=1409.9s
[TRAIN-RAND] step  3500/ 5999 | LOW eps=0.0346 pn=9.895e-04 EbN0= 5 loss=3.360e-01 BER=9.818e-02 (base=9.944e-02)
             HIGH eps=0.0456 pn=1.397e-03 EbN0=33 loss=6.671e-01 BER=1.531e-03 (base=2.151e-03) | total=7.062e+00 lr=2.5e-04 EsMC=1.001 elapsed=1430.4s
[TRAIN-RAND] step  3550/ 5999 | LOW eps=0.0331 pn=1.610e-03 EbN0= 7 loss=2.453e-01 BER=6.954e-02 (base=7.065e-02)
             HIGH eps=0.0026 pn=1.578e-03 EbN0=35 loss=8.853e-07 BER=0.000e+00 (base=0.000e+00) | total=3.021e-01 lr=2.5e-04 EsMC=nan elapsed=1449.7s
[TRAIN-RAND] step  3600/ 5999 | LOW eps=0.0052 pn=1.134e-03 EbN0=11 loss=5.957e-02 BER=1.455e-02 (base=1.589e-02)
             HIGH eps=0.0531 pn=9.294e-04 EbN0=33 loss=2.165e+00 BER=4.028e-03 (base=5.440e-03) | total=2.176e+01 lr=2.5e-04 EsMC=1.001 elapsed=1468.2s
[TRAIN-RAND] step  3650/ 5999 | LOW eps=0.0047 pn=2.902e-03 EbN0= 1 loss=5.630e-01 BER=1.749e-01 (base=1.753e-01)
             HIGH eps=0.0340 pn=1.433e-03 EbN0=32 loss=5.410e-02 BER=2.263e-04 (base=2.975e-04) | total=1.165e+00 lr=2.5e-04 EsMC=nan elapsed=1486.6s
[TRAIN-RAND] step  3700/ 5999 | LOW eps=0.0035 pn=2.583e-03 EbN0=14 loss=1.964e-02 BER=4.423e-03 (base=5.221e-03)
             HIGH eps=0.0388 pn=4.107e-04 EbN0=22 loss=6.098e-03 BER=4.247e-04 (base=6.917e-04) | total=1.384e-01 lr=2.5e-04 EsMC=0.999 elapsed=1505.7s
[TRAIN-RAND] step  3750/ 5999 | LOW eps=0.0049 pn=5.245e-04 EbN0= 9 loss=1.006e-01 BER=2.658e-02 (base=2.739e-02)
             HIGH eps=0.0571 pn=2.767e-03 EbN0=27 loss=2.661e+00 BER=1.268e-02 (base=1.417e-02) | total=2.676e+01 lr=2.5e-04 EsMC=nan elapsed=1525.4s
[TRAIN-RAND] step  3800/ 5999 | LOW eps=0.0523 pn=2.940e-03 EbN0=20 loss=4.277e-01 BER=1.110e-02 (base=1.329e-02)
             HIGH eps=0.0092 pn=1.683e-03 EbN0=24 loss=2.698e-04 BER=6.358e-05 (base=4.832e-05) | total=4.464e-01 lr=2.5e-04 EsMC=0.992 elapsed=1544.6s
[TRAIN-RAND] step  3850/ 5999 | LOW eps=0.0115 pn=1.681e-03 EbN0=19 loss=2.562e-03 BER=5.086e-04 (base=5.697e-04)
             HIGH eps=0.0443 pn=2.110e-03 EbN0=22 loss=9.864e-02 BER=3.049e-03 (base=4.194e-03) | total=9.976e-01 lr=2.5e-04 EsMC=nan elapsed=1564.1s
[TRAIN-RAND] step  3900/ 5999 | LOW eps=0.0068 pn=2.940e-03 EbN0=12 loss=4.482e-02 BER=1.060e-02 (base=1.158e-02)
             HIGH eps=0.0430 pn=2.874e-03 EbN0=27 loss=8.337e-01 BER=6.063e-03 (base=7.233e-03) | total=8.433e+00 lr=2.5e-04 EsMC=0.997 elapsed=1583.6s
[TRAIN-RAND] step  3950/ 5999 | LOW eps=0.0173 pn=1.865e-03 EbN0=10 loss=8.806e-02 BER=2.220e-02 (base=2.380e-02)
             HIGH eps=0.0049 pn=2.819e-03 EbN0=31 loss=3.832e-04 BER=1.272e-05 (base=2.797e-05) | total=1.462e-01 lr=2.5e-04 EsMC=nan elapsed=1602.7s
[TRAIN-RAND] step  4000/ 5999 | LOW eps=0.0014 pn=1.094e-03 EbN0=19 loss=9.204e-04 BER=2.162e-04 (base=2.925e-04)
             HIGH eps=0.0506 pn=2.769e-03 EbN0=23 loss=6.480e-01 BER=1.021e-02 (base=1.178e-02) | total=6.489e+00 lr=2.5e-04 EsMC=1.002 elapsed=1621.5s
[TRAIN-RAND] step  4050/ 5999 | LOW eps=0.0550 pn=2.257e-03 EbN0= 8 loss=3.093e-01 BER=7.879e-02 (base=8.104e-02)
             HIGH eps=0.0574 pn=1.543e-03 EbN0=29 loss=2.005e+00 BER=8.942e-03 (base=1.058e-02) | total=2.039e+01 lr=2.5e-04 EsMC=nan elapsed=1640.4s
[TRAIN-RAND] step  4100/ 5999 | LOW eps=0.0140 pn=1.911e-03 EbN0=12 loss=3.931e-02 BER=9.422e-03 (base=1.050e-02)
             HIGH eps=0.0034 pn=1.111e-03 EbN0=23 loss=1.840e-04 BER=4.323e-05 (base=8.392e-05) | total=9.545e-02 lr=2.5e-04 EsMC=1.000 elapsed=1659.1s
[TRAIN-RAND] step  4150/ 5999 | LOW eps=0.0317 pn=7.495e-04 EbN0=13 loss=4.951e-02 BER=1.112e-02 (base=1.153e-02)
             HIGH eps=0.0282 pn=7.942e-04 EbN0=29 loss=1.366e-04 BER=1.780e-05 (base=1.094e-04) | total=1.151e-01 lr=2.5e-04 EsMC=nan elapsed=1677.5s
[TRAIN-RAND] step  4200/ 5999 | LOW eps=0.0475 pn=1.585e-03 EbN0= 0 loss=6.328e-01 BER=2.021e-01 (base=2.018e-01)
             HIGH eps=0.0418 pn=1.076e-03 EbN0=28 loss=1.283e-01 BER=7.909e-04 (base=1.099e-03) | total=1.977e+00 lr=2.5e-04 EsMC=0.999 elapsed=1695.9s
[TRAIN-RAND] step  4250/ 5999 | LOW eps=0.0299 pn=2.831e-05 EbN0= 0 loss=6.117e-01 BER=1.928e-01 (base=1.923e-01)
             HIGH eps=0.0534 pn=2.771e-03 EbN0=26 loss=1.252e+00 BER=9.476e-03 (base=1.112e-02) | total=1.319e+01 lr=2.5e-04 EsMC=nan elapsed=1714.1s
[TRAIN-RAND] step  4300/ 5999 | LOW eps=0.0288 pn=1.137e-03 EbN0= 8 loss=1.660e-01 BER=4.425e-02 (base=4.510e-02)
             HIGH eps=0.0544 pn=9.179e-05 EbN0=32 loss=1.175e+00 BER=3.563e-03 (base=5.272e-03) | total=1.197e+01 lr=2.5e-04 EsMC=0.995 elapsed=1732.5s
[TRAIN-RAND] step  4350/ 5999 | LOW eps=0.0587 pn=6.133e-04 EbN0=13 loss=2.048e-01 BER=3.236e-02 (base=3.522e-02)
             HIGH eps=0.0585 pn=1.168e-03 EbN0=27 loss=1.392e+00 BER=9.478e-03 (base=1.129e-02) | total=1.415e+01 lr=2.5e-04 EsMC=nan elapsed=1750.8s
[TRAIN-RAND] step  4400/ 5999 | LOW eps=0.0175 pn=1.157e-04 EbN0=19 loss=1.902e-03 BER=3.993e-04 (base=5.671e-04)
             HIGH eps=0.0106 pn=2.111e-03 EbN0=28 loss=2.386e-04 BER=4.578e-05 (base=7.121e-05) | total=1.682e-02 lr=2.5e-04 EsMC=1.005 elapsed=1770.6s
[TRAIN-RAND] step  4450/ 5999 | LOW eps=0.0531 pn=6.241e-04 EbN0=10 loss=1.997e-01 BER=4.603e-02 (base=4.801e-02)
             HIGH eps=0.0227 pn=1.834e-04 EbN0=27 loss=3.219e-05 BER=1.272e-05 (base=6.104e-05) | total=2.441e-01 lr=2.5e-04 EsMC=nan elapsed=1790.5s
[TRAIN-RAND] step  4500/ 5999 | LOW eps=0.0131 pn=7.659e-04 EbN0= 8 loss=1.466e-01 BER=3.873e-02 (base=3.968e-02)
             HIGH eps=0.0100 pn=2.684e-03 EbN0=33 loss=1.890e-02 BER=3.306e-05 (base=1.017e-04) | total=3.912e-01 lr=2.5e-04 EsMC=1.001 elapsed=1810.2s
[TRAIN-RAND] step  4550/ 5999 | LOW eps=0.0520 pn=2.674e-03 EbN0= 0 loss=6.347e-01 BER=2.031e-01 (base=2.036e-01)
             HIGH eps=0.0271 pn=2.545e-03 EbN0=30 loss=6.044e-02 BER=3.662e-04 (base=4.807e-04) | total=1.300e+00 lr=2.5e-04 EsMC=nan elapsed=1828.5s
[TRAIN-RAND] step  4600/ 5999 | LOW eps=0.0199 pn=1.999e-03 EbN0=14 loss=2.013e-02 BER=4.499e-03 (base=5.102e-03)
             HIGH eps=0.0190 pn=1.605e-04 EbN0=31 loss=3.994e-04 BER=1.780e-05 (base=0.000e+00) | total=8.075e-02 lr=2.5e-04 EsMC=0.998 elapsed=1846.8s
[TRAIN-RAND] step  4650/ 5999 | LOW eps=0.0498 pn=2.357e-03 EbN0= 8 loss=2.493e-01 BER=6.524e-02 (base=6.739e-02)
             HIGH eps=0.0298 pn=1.025e-03 EbN0=32 loss=2.947e-04 BER=1.272e-05 (base=1.119e-04) | total=2.862e-01 lr=2.5e-04 EsMC=nan elapsed=1865.5s
[TRAIN-RAND] step  4700/ 5999 | LOW eps=0.0259 pn=2.872e-03 EbN0=15 loss=2.625e-02 BER=4.616e-03 (base=5.343e-03)
             HIGH eps=0.0024 pn=1.129e-03 EbN0=29 loss=8.368e-07 BER=0.000e+00 (base=0.000e+00) | total=7.430e-02 lr=2.5e-04 EsMC=1.004 elapsed=1884.6s
[TRAIN-RAND] step  4750/ 5999 | LOW eps=0.0493 pn=2.080e-03 EbN0=20 loss=2.162e-01 BER=7.367e-03 (base=8.387e-03)
             HIGH eps=0.0162 pn=2.368e-03 EbN0=34 loss=6.606e-02 BER=5.086e-05 (base=7.884e-05) | total=8.848e-01 lr=2.5e-04 EsMC=nan elapsed=1903.4s
[TRAIN-RAND] step  4800/ 5999 | LOW eps=0.0191 pn=8.174e-04 EbN0=11 loss=5.940e-02 BER=1.433e-02 (base=1.544e-02)
             HIGH eps=0.0246 pn=1.672e-03 EbN0=28 loss=7.722e-04 BER=2.289e-05 (base=6.104e-05) | total=1.217e-01 lr=2.5e-04 EsMC=0.999 elapsed=1921.8s
[TRAIN-RAND] step  4850/ 5999 | LOW eps=0.0217 pn=2.292e-03 EbN0= 4 loss=3.908e-01 BER=1.168e-01 (base=1.160e-01)
             HIGH eps=0.0195 pn=1.800e-03 EbN0=24 loss=3.975e-03 BER=6.358e-05 (base=1.322e-04) | total=5.024e-01 lr=2.5e-04 EsMC=nan elapsed=1940.5s
[TRAIN-RAND] step  4900/ 5999 | LOW eps=0.0329 pn=1.012e-03 EbN0=16 loss=1.226e-02 BER=2.497e-03 (base=3.258e-03)
             HIGH eps=0.0204 pn=2.485e-03 EbN0=24 loss=5.157e-03 BER=1.933e-04 (base=3.077e-04) | total=7.704e-02 lr=2.5e-04 EsMC=1.000 elapsed=1958.9s
[TRAIN-RAND] step  4950/ 5999 | LOW eps=0.0430 pn=1.514e-05 EbN0=13 loss=6.633e-02 BER=1.367e-02 (base=1.493e-02)
             HIGH eps=0.0441 pn=2.648e-03 EbN0=23 loss=2.500e-01 BER=5.170e-03 (base=6.200e-03) | total=2.614e+00 lr=2.5e-04 EsMC=nan elapsed=1977.1s
[TRAIN-RAND] step  5000/ 5999 | LOW eps=0.0324 pn=2.640e-03 EbN0= 4 loss=3.939e-01 BER=1.173e-01 (base=1.183e-01)
             HIGH eps=0.0393 pn=7.972e-04 EbN0=27 loss=2.510e-02 BER=4.094e-04 (base=5.137e-04) | total=7.027e-01 lr=1.3e-04 EsMC=1.003 elapsed=1995.4s
[TRAIN-RAND] step  5050/ 5999 | LOW eps=0.0594 pn=2.468e-03 EbN0= 8 loss=3.666e-01 BER=9.395e-02 (base=9.588e-02)
             HIGH eps=0.0108 pn=2.869e-03 EbN0=32 loss=2.578e-03 BER=7.629e-06 (base=5.341e-05) | total=4.429e-01 lr=1.3e-04 EsMC=nan elapsed=2013.7s
[TRAIN-RAND] step  5100/ 5999 | LOW eps=0.0091 pn=2.113e-03 EbN0= 3 loss=4.283e-01 BER=1.290e-01 (base=1.293e-01)
             HIGH eps=0.0246 pn=1.951e-03 EbN0=24 loss=4.170e-03 BER=2.289e-04 (base=2.314e-04) | total=5.374e-01 lr=1.3e-04 EsMC=0.996 elapsed=2031.7s
[TRAIN-RAND] step  5150/ 5999 | LOW eps=0.0491 pn=1.707e-03 EbN0= 9 loss=2.114e-01 BER=5.363e-02 (base=5.570e-02)
             HIGH eps=0.0442 pn=1.919e-03 EbN0=28 loss=3.273e-01 BER=2.182e-03 (base=3.039e-03) | total=3.523e+00 lr=1.3e-04 EsMC=nan elapsed=2049.8s
[TRAIN-RAND] step  5200/ 5999 | LOW eps=0.0001 pn=5.567e-04 EbN0= 5 loss=3.123e-01 BER=9.042e-02 (base=9.071e-02)
             HIGH eps=0.0041 pn=2.219e-03 EbN0=32 loss=1.556e-05 BER=7.629e-06 (base=5.086e-06) | total=3.747e-01 lr=1.3e-04 EsMC=0.995 elapsed=2067.8s
[TRAIN-RAND] step  5250/ 5999 | LOW eps=0.0084 pn=1.208e-03 EbN0=13 loss=2.238e-02 BER=5.686e-03 (base=6.699e-03)
             HIGH eps=0.0071 pn=1.862e-03 EbN0=35 loss=1.168e-09 BER=0.000e+00 (base=5.086e-06) | total=7.289e-02 lr=1.3e-04 EsMC=nan elapsed=2085.8s
[TRAIN-RAND] step  5300/ 5999 | LOW eps=0.0291 pn=2.204e-03 EbN0=10 loss=1.343e-01 BER=3.462e-02 (base=3.588e-02)
             HIGH eps=0.0346 pn=1.181e-03 EbN0=26 loss=6.589e-03 BER=1.526e-04 (base=3.179e-04) | total=2.467e-01 lr=1.3e-04 EsMC=1.005 elapsed=2103.8s
[TRAIN-RAND] step  5350/ 5999 | LOW eps=0.0195 pn=2.484e-04 EbN0=11 loss=5.805e-02 BER=1.423e-02 (base=1.559e-02)
             HIGH eps=0.0307 pn=2.636e-03 EbN0=31 loss=5.390e-01 BER=1.361e-03 (base=1.869e-03) | total=5.495e+00 lr=1.3e-04 EsMC=nan elapsed=2122.8s
[TRAIN-RAND] step  5400/ 5999 | LOW eps=0.0091 pn=1.573e-03 EbN0= 7 loss=2.191e-01 BER=6.128e-02 (base=6.278e-02)
             HIGH eps=0.0165 pn=4.242e-04 EbN0=24 loss=8.132e-05 BER=1.526e-05 (base=4.069e-05) | total=2.783e-01 lr=1.3e-04 EsMC=1.005 elapsed=2142.0s
[TRAIN-RAND] step  5450/ 5999 | LOW eps=0.0076 pn=2.410e-03 EbN0= 5 loss=3.089e-01 BER=9.014e-02 (base=8.985e-02)
             HIGH eps=0.0320 pn=4.009e-04 EbN0=24 loss=1.127e-03 BER=1.424e-04 (base=1.958e-04) | total=3.830e-01 lr=1.3e-04 EsMC=nan elapsed=2161.7s
[TRAIN-RAND] step  5500/ 5999 | LOW eps=0.0552 pn=2.193e-04 EbN0= 4 loss=4.642e-01 BER=1.422e-01 (base=1.420e-01)
             HIGH eps=0.0226 pn=8.477e-04 EbN0=26 loss=5.447e-05 BER=7.629e-06 (base=2.543e-05) | total=5.319e-01 lr=1.3e-04 EsMC=1.001 elapsed=2180.9s
[TRAIN-RAND] step  5550/ 5999 | LOW eps=0.0436 pn=2.186e-04 EbN0= 9 loss=1.827e-01 BER=4.812e-02 (base=4.992e-02)
             HIGH eps=0.0384 pn=2.609e-04 EbN0=33 loss=1.686e-02 BER=7.884e-05 (base=1.856e-04) | total=3.981e-01 lr=1.3e-04 EsMC=nan elapsed=2199.1s
[TRAIN-RAND] step  5600/ 5999 | LOW eps=0.0177 pn=5.449e-04 EbN0=10 loss=8.595e-02 BER=2.191e-02 (base=2.321e-02)
             HIGH eps=0.0335 pn=1.693e-03 EbN0=22 loss=9.828e-03 BER=5.035e-04 (base=7.655e-04) | total=2.381e-01 lr=1.3e-04 EsMC=1.002 elapsed=2217.9s
[TRAIN-RAND] step  5650/ 5999 | LOW eps=0.0390 pn=1.497e-03 EbN0=14 loss=5.446e-02 BER=9.692e-03 (base=1.104e-02)
             HIGH eps=0.0130 pn=1.094e-03 EbN0=30 loss=6.746e-06 BER=2.543e-06 (base=2.543e-06) | total=9.313e-02 lr=1.3e-04 EsMC=nan elapsed=2237.3s
[TRAIN-RAND] step  5700/ 5999 | LOW eps=0.0354 pn=7.967e-04 EbN0=13 loss=4.527e-02 BER=1.002e-02 (base=1.091e-02)
             HIGH eps=0.0386 pn=5.521e-04 EbN0=30 loss=2.315e-02 BER=1.602e-04 (base=2.645e-04) | total=3.204e-01 lr=1.3e-04 EsMC=0.999 elapsed=2257.2s
[TRAIN-RAND] step  5750/ 5999 | LOW eps=0.0331 pn=2.214e-03 EbN0= 8 loss=1.930e-01 BER=5.133e-02 (base=5.288e-02)
             HIGH eps=0.0247 pn=2.209e-04 EbN0=32 loss=1.967e-06 BER=0.000e+00 (base=0.000e+00) | total=2.493e-01 lr=1.3e-04 EsMC=nan elapsed=2276.0s
[TRAIN-RAND] step  5800/ 5999 | LOW eps=0.0273 pn=1.381e-03 EbN0= 1 loss=5.824e-01 BER=1.830e-01 (base=1.824e-01)
             HIGH eps=0.0217 pn=2.902e-05 EbN0=28 loss=6.763e-08 BER=0.000e+00 (base=1.017e-05) | total=6.518e-01 lr=1.3e-04 EsMC=0.998 elapsed=2294.6s
[TRAIN-RAND] step  5850/ 5999 | LOW eps=0.0389 pn=9.478e-04 EbN0= 7 loss=2.653e-01 BER=7.529e-02 (base=7.654e-02)
             HIGH eps=0.0271 pn=1.728e-03 EbN0=35 loss=3.391e-02 BER=7.121e-05 (base=1.322e-04) | total=6.550e-01 lr=1.3e-04 EsMC=nan elapsed=2313.4s
[TRAIN-RAND] step  5900/ 5999 | LOW eps=0.0406 pn=8.491e-04 EbN0= 4 loss=4.058e-01 BER=1.223e-01 (base=1.223e-01)
             HIGH eps=0.0051 pn=1.436e-03 EbN0=31 loss=3.406e-07 BER=0.000e+00 (base=0.000e+00) | total=4.712e-01 lr=1.3e-04 EsMC=0.998 elapsed=2332.2s
[TRAIN-RAND] step  5950/ 5999 | LOW eps=0.0550 pn=2.520e-03 EbN0=10 loss=2.575e-01 BER=5.639e-02 (base=5.975e-02)
             HIGH eps=0.0177 pn=1.813e-04 EbN0=30 loss=1.647e-05 BER=2.543e-06 (base=2.543e-06) | total=2.903e-01 lr=1.3e-04 EsMC=nan elapsed=2350.6s
[TRAIN-RAND] step  5999/ 5999 | LOW eps=0.0373 pn=1.950e-03 EbN0= 6 loss=3.025e-01 BER=8.647e-02 (base=8.800e-02)
             HIGH eps=0.0494 pn=7.637e-04 EbN0=35 loss=1.270e+00 BER=1.528e-03 (base=2.419e-03) | total=1.306e+01 lr=1.3e-04 EsMC=nan elapsed=2368.9s
[INFO] Saved randomized checkpoint and metadata under artifacts/m1_randomized_training
[INFO] Training elapsed: 2368.9 s
[RUN] finished=2026-08-12T15:01:35.413629+08:00
